Archive member included to satisfy reference by file (symbol)

d:/quartus_main/nios2eds/bin/gnu/h-x86_64-mingw32/bin/../lib/gcc/nios2-elf/5.3.0/../../../../../H-x86_64-mingw32/nios2-elf/lib/mno-hw-mul\libsmallc.a(lib_a-printf.o)
                              obj/default/source.o (printf)
d:/quartus_main/nios2eds/bin/gnu/h-x86_64-mingw32/bin/../lib/gcc/nios2-elf/5.3.0/../../../../../H-x86_64-mingw32/nios2-elf/lib/mno-hw-mul\libsmallc.a(lib_a-vfprintf.o)
                              d:/quartus_main/nios2eds/bin/gnu/h-x86_64-mingw32/bin/../lib/gcc/nios2-elf/5.3.0/../../../../../H-x86_64-mingw32/nios2-elf/lib/mno-hw-mul\libsmallc.a(lib_a-printf.o) (___vfprintf_internal_r)
d:/quartus_main/nios2eds/bin/gnu/h-x86_64-mingw32/bin/../lib/gcc/nios2-elf/5.3.0/../../../../../H-x86_64-mingw32/nios2-elf/lib/mno-hw-mul\libsmallc.a(lib_a-fvwrite_small_dev.o)
                              d:/quartus_main/nios2eds/bin/gnu/h-x86_64-mingw32/bin/../lib/gcc/nios2-elf/5.3.0/../../../../../H-x86_64-mingw32/nios2-elf/lib/mno-hw-mul\libsmallc.a(lib_a-printf.o) (__sfvwrite_small_dev)
d:/quartus_main/nios2eds/bin/gnu/h-x86_64-mingw32/bin/../lib/gcc/nios2-elf/5.3.0/../../../../../H-x86_64-mingw32/nios2-elf/lib/mno-hw-mul\libsmallc.a(lib_a-impure.o)
                              d:/quartus_main/nios2eds/bin/gnu/h-x86_64-mingw32/bin/../lib/gcc/nios2-elf/5.3.0/../../../../../H-x86_64-mingw32/nios2-elf/lib/mno-hw-mul\libsmallc.a(lib_a-printf.o) (_impure_ptr)
d:/quartus_main/nios2eds/bin/gnu/h-x86_64-mingw32/bin/../lib/gcc/nios2-elf/5.3.0/../../../../../H-x86_64-mingw32/nios2-elf/lib/mno-hw-mul\libsmallc.a(lib_a-strlen.o)
                              d:/quartus_main/nios2eds/bin/gnu/h-x86_64-mingw32/bin/../lib/gcc/nios2-elf/5.3.0/../../../../../H-x86_64-mingw32/nios2-elf/lib/mno-hw-mul\libsmallc.a(lib_a-vfprintf.o) (strlen)
d:/quartus_main/nios2eds/bin/gnu/h-x86_64-mingw32/bin/../lib/gcc/nios2-elf/5.3.0/../../../../../H-x86_64-mingw32/nios2-elf/lib/mno-hw-mul\libsmallc.a(lib_a-writer.o)
                              d:/quartus_main/nios2eds/bin/gnu/h-x86_64-mingw32/bin/../lib/gcc/nios2-elf/5.3.0/../../../../../H-x86_64-mingw32/nios2-elf/lib/mno-hw-mul\libsmallc.a(lib_a-fvwrite_small_dev.o) (_write_r)
d:/quartus_main/nios2eds/bin/gnu/h-x86_64-mingw32/bin/../lib/gcc/nios2-elf/5.3.0/../../../../../H-x86_64-mingw32/nios2-elf/lib/mno-hw-mul\libsmallc.a(lib_a-int_errno.o)
                              d:/quartus_main/nios2eds/bin/gnu/h-x86_64-mingw32/bin/../lib/gcc/nios2-elf/5.3.0/../../../../../H-x86_64-mingw32/nios2-elf/lib/mno-hw-mul\libsmallc.a(lib_a-writer.o) (errno)
d:/quartus_main/nios2eds/bin/gnu/h-x86_64-mingw32/bin/../lib/gcc/nios2-elf/5.3.0/mno-hw-mul\libgcc.a(lib2-divmod.o)
                              d:/quartus_main/nios2eds/bin/gnu/h-x86_64-mingw32/bin/../lib/gcc/nios2-elf/5.3.0/../../../../../H-x86_64-mingw32/nios2-elf/lib/mno-hw-mul\libsmallc.a(lib_a-vfprintf.o) (__udivsi3)
d:/quartus_main/nios2eds/bin/gnu/h-x86_64-mingw32/bin/../lib/gcc/nios2-elf/5.3.0/mno-hw-mul\libgcc.a(lib2-mul.o)
                              d:/quartus_main/nios2eds/bin/gnu/h-x86_64-mingw32/bin/../lib/gcc/nios2-elf/5.3.0/../../../../../H-x86_64-mingw32/nios2-elf/lib/mno-hw-mul\libsmallc.a(lib_a-vfprintf.o) (__mulsi3)
../Bai7_bsp/\libhal_bsp.a(alt_iic.o)
                              obj/default/source.o (alt_ic_isr_register)
../Bai7_bsp/\libhal_bsp.a(alt_iic_isr_register.o)
                              ../Bai7_bsp/\libhal_bsp.a(alt_iic.o) (alt_iic_isr_register)
../Bai7_bsp/\libhal_bsp.a(alt_irq_entry.o)
                              ../Bai7_bsp/\libhal_bsp.a(alt_iic_isr_register.o) (alt_irq_entry)
../Bai7_bsp/\libhal_bsp.a(alt_irq_handler.o)
                              ../Bai7_bsp/\libhal_bsp.a(alt_iic_isr_register.o) (alt_irq)
../Bai7_bsp/\libhal_bsp.a(alt_irq_vars.o)
                              ../Bai7_bsp/\libhal_bsp.a(alt_iic.o) (alt_irq_active)
../Bai7_bsp/\libhal_bsp.a(alt_load.o)
                              ../Bai7_bsp//obj/HAL/src/crt0.o (alt_load)
../Bai7_bsp/\libhal_bsp.a(alt_main.o)
                              ../Bai7_bsp//obj/HAL/src/crt0.o (alt_main)
../Bai7_bsp/\libhal_bsp.a(alt_write.o)
                              d:/quartus_main/nios2eds/bin/gnu/h-x86_64-mingw32/bin/../lib/gcc/nios2-elf/5.3.0/../../../../../H-x86_64-mingw32/nios2-elf/lib/mno-hw-mul\libsmallc.a(lib_a-writer.o) (write)
../Bai7_bsp/\libhal_bsp.a(alt_sys_init.o)
                              ../Bai7_bsp/\libhal_bsp.a(alt_main.o) (alt_irq_init)
../Bai7_bsp/\libhal_bsp.a(altera_avalon_jtag_uart_fd.o)
                              ../Bai7_bsp/\libhal_bsp.a(alt_sys_init.o) (altera_avalon_jtag_uart_read_fd)
../Bai7_bsp/\libhal_bsp.a(altera_avalon_jtag_uart_read.o)
                              ../Bai7_bsp/\libhal_bsp.a(altera_avalon_jtag_uart_fd.o) (altera_avalon_jtag_uart_read)
../Bai7_bsp/\libhal_bsp.a(altera_avalon_jtag_uart_write.o)
                              ../Bai7_bsp/\libhal_bsp.a(altera_avalon_jtag_uart_fd.o) (altera_avalon_jtag_uart_write)
../Bai7_bsp/\libhal_bsp.a(alt_close.o)
                              ../Bai7_bsp/\libhal_bsp.a(alt_main.o) (close)
../Bai7_bsp/\libhal_bsp.a(alt_dcache_flush_all.o)
                              ../Bai7_bsp/\libhal_bsp.a(alt_load.o) (alt_dcache_flush_all)
../Bai7_bsp/\libhal_bsp.a(alt_dev.o)
                              ../Bai7_bsp/\libhal_bsp.a(alt_sys_init.o) (alt_dev_list)
../Bai7_bsp/\libhal_bsp.a(alt_dev_llist_insert.o)
                              ../Bai7_bsp/\libhal_bsp.a(alt_sys_init.o) (alt_dev_llist_insert)
../Bai7_bsp/\libhal_bsp.a(alt_do_ctors.o)
                              ../Bai7_bsp/\libhal_bsp.a(alt_main.o) (_do_ctors)
../Bai7_bsp/\libhal_bsp.a(alt_do_dtors.o)
                              ../Bai7_bsp/\libhal_bsp.a(alt_main.o) (_do_dtors)
../Bai7_bsp/\libhal_bsp.a(alt_errno.o)
                              ../Bai7_bsp/\libhal_bsp.a(alt_write.o) (alt_errno)
../Bai7_bsp/\libhal_bsp.a(alt_exception_entry.o)
                              ../Bai7_bsp/\libhal_bsp.a(alt_irq_entry.o) (alt_exception)
../Bai7_bsp/\libhal_bsp.a(alt_icache_flush_all.o)
                              ../Bai7_bsp/\libhal_bsp.a(alt_load.o) (alt_icache_flush_all)
../Bai7_bsp/\libhal_bsp.a(alt_instruction_exception_entry.o)
                              ../Bai7_bsp/\libhal_bsp.a(alt_exception_entry.o) (alt_instruction_exception_entry)
../Bai7_bsp/\libhal_bsp.a(alt_io_redirect.o)
                              ../Bai7_bsp/\libhal_bsp.a(alt_main.o) (alt_io_redirect)
../Bai7_bsp/\libhal_bsp.a(alt_open.o)
                              ../Bai7_bsp/\libhal_bsp.a(alt_io_redirect.o) (open)
../Bai7_bsp/\libhal_bsp.a(alt_release_fd.o)
                              ../Bai7_bsp/\libhal_bsp.a(alt_close.o) (alt_release_fd)
../Bai7_bsp/\libhal_bsp.a(altera_nios2_gen2_irq.o)
                              ../Bai7_bsp/\libhal_bsp.a(alt_sys_init.o) (altera_nios2_gen2_irq_init)
../Bai7_bsp/\libhal_bsp.a(alt_find_dev.o)
                              ../Bai7_bsp/\libhal_bsp.a(alt_open.o) (alt_find_dev)
../Bai7_bsp/\libhal_bsp.a(alt_find_file.o)
                              ../Bai7_bsp/\libhal_bsp.a(alt_open.o) (alt_find_file)
../Bai7_bsp/\libhal_bsp.a(alt_get_fd.o)
                              ../Bai7_bsp/\libhal_bsp.a(alt_open.o) (alt_get_fd)
d:/quartus_main/nios2eds/bin/gnu/h-x86_64-mingw32/bin/../lib/gcc/nios2-elf/5.3.0/../../../../../H-x86_64-mingw32/nios2-elf/lib/mno-hw-mul\libsmallc.a(lib_a-atexit.o)
                              ../Bai7_bsp/\libhal_bsp.a(alt_main.o) (atexit)
d:/quartus_main/nios2eds/bin/gnu/h-x86_64-mingw32/bin/../lib/gcc/nios2-elf/5.3.0/../../../../../H-x86_64-mingw32/nios2-elf/lib/mno-hw-mul\libsmallc.a(lib_a-exit.o)
                              ../Bai7_bsp/\libhal_bsp.a(alt_main.o) (exit)
d:/quartus_main/nios2eds/bin/gnu/h-x86_64-mingw32/bin/../lib/gcc/nios2-elf/5.3.0/../../../../../H-x86_64-mingw32/nios2-elf/lib/mno-hw-mul\libsmallc.a(lib_a-memcmp.o)
                              ../Bai7_bsp/\libhal_bsp.a(alt_find_dev.o) (memcmp)
d:/quartus_main/nios2eds/bin/gnu/h-x86_64-mingw32/bin/../lib/gcc/nios2-elf/5.3.0/../../../../../H-x86_64-mingw32/nios2-elf/lib/mno-hw-mul\libsmallc.a(lib_a-__atexit.o)
                              d:/quartus_main/nios2eds/bin/gnu/h-x86_64-mingw32/bin/../lib/gcc/nios2-elf/5.3.0/../../../../../H-x86_64-mingw32/nios2-elf/lib/mno-hw-mul\libsmallc.a(lib_a-atexit.o) (__register_exitproc)
d:/quartus_main/nios2eds/bin/gnu/h-x86_64-mingw32/bin/../lib/gcc/nios2-elf/5.3.0/../../../../../H-x86_64-mingw32/nios2-elf/lib/mno-hw-mul\libsmallc.a(lib_a-__call_atexit.o)
                              d:/quartus_main/nios2eds/bin/gnu/h-x86_64-mingw32/bin/../lib/gcc/nios2-elf/5.3.0/../../../../../H-x86_64-mingw32/nios2-elf/lib/mno-hw-mul\libsmallc.a(lib_a-exit.o) (__call_exitprocs)
../Bai7_bsp/\libhal_bsp.a(alt_exit.o)
                              d:/quartus_main/nios2eds/bin/gnu/h-x86_64-mingw32/bin/../lib/gcc/nios2-elf/5.3.0/../../../../../H-x86_64-mingw32/nios2-elf/lib/mno-hw-mul\libsmallc.a(lib_a-exit.o) (_exit)

Allocating common symbols
Common symbol       size              file

alt_irq             0x100             ../Bai7_bsp/\libhal_bsp.a(alt_irq_handler.o)
errno               0x4               d:/quartus_main/nios2eds/bin/gnu/h-x86_64-mingw32/bin/../lib/gcc/nios2-elf/5.3.0/../../../../../H-x86_64-mingw32/nios2-elf/lib/mno-hw-mul\libsmallc.a(lib_a-int_errno.o)

Memory Configuration

Name             Origin             Length             Attributes
reset            0x0000000000020000 0x0000000000000020
onchip_memory2_0 0x0000000000020020 0x000000000001ffe0
*default*        0x0000000000000000 0xffffffffffffffff

Linker script and memory map

LOAD ../Bai7_bsp//obj/HAL/src/crt0.o
LOAD obj/default/source.o
LOAD d:/quartus_main/nios2eds/bin/gnu/h-x86_64-mingw32/bin/../lib/gcc/nios2-elf/5.3.0/../../../../../H-x86_64-mingw32/nios2-elf/lib/mno-hw-mul\libstdc++.a
LOAD d:/quartus_main/nios2eds/bin/gnu/h-x86_64-mingw32/bin/../lib/gcc/nios2-elf/5.3.0/../../../../../H-x86_64-mingw32/nios2-elf/lib/mno-hw-mul\libm.a
LOAD d:/quartus_main/nios2eds/bin/gnu/h-x86_64-mingw32/bin/../lib/gcc/nios2-elf/5.3.0/mno-hw-mul\libgcc.a
START GROUP
LOAD d:/quartus_main/nios2eds/bin/gnu/h-x86_64-mingw32/bin/../lib/gcc/nios2-elf/5.3.0/../../../../../H-x86_64-mingw32/nios2-elf/lib/mno-hw-mul\libsmallc.a
LOAD d:/quartus_main/nios2eds/bin/gnu/h-x86_64-mingw32/bin/../lib/gcc/nios2-elf/5.3.0/mno-hw-mul\libgcc.a
LOAD ../Bai7_bsp/\libhal_bsp.a
LOAD d:/quartus_main/nios2eds/bin/gnu/h-x86_64-mingw32/bin/../lib/gcc/nios2-elf/5.3.0/../../../../../H-x86_64-mingw32/nios2-elf/lib/mno-hw-mul\libm.a
END GROUP
LOAD d:/quartus_main/nios2eds/bin/gnu/h-x86_64-mingw32/bin/../lib/gcc/nios2-elf/5.3.0/mno-hw-mul\libgcc.a
                0x0000000000020000                __alt_mem_onchip_memory2_0 = 0x20000

.entry          0x0000000000020000       0x20
 *(.entry)
 .entry         0x0000000000020000       0x20 ../Bai7_bsp//obj/HAL/src/crt0.o
                0x0000000000020000                __reset

.exceptions     0x0000000000020020      0x210
                0x0000000000020020                PROVIDE (__ram_exceptions_start, ABSOLUTE (.))
                0x0000000000020020                . = ALIGN (0x20)
 *(.irq)
 *(.exceptions.entry.label)
 .exceptions.entry.label
                0x0000000000020020        0x0 ../Bai7_bsp/\libhal_bsp.a(alt_irq_entry.o)
                0x0000000000020020                alt_irq_entry
 .exceptions.entry.label
                0x0000000000020020        0x0 ../Bai7_bsp/\libhal_bsp.a(alt_exception_entry.o)
                0x0000000000020020                alt_exception
 *(.exceptions.entry.user)
 *(.exceptions.entry.ecc_fatal)
 *(.exceptions.entry)
 .exceptions.entry
                0x0000000000020020       0x54 ../Bai7_bsp/\libhal_bsp.a(alt_exception_entry.o)
 *(.exceptions.irqtest.user)
 *(.exceptions.irqtest)
 .exceptions.irqtest
                0x0000000000020074       0x10 ../Bai7_bsp/\libhal_bsp.a(alt_irq_entry.o)
 *(.exceptions.irqhandler.user)
 *(.exceptions.irqhandler)
 .exceptions.irqhandler
                0x0000000000020084        0x4 ../Bai7_bsp/\libhal_bsp.a(alt_irq_entry.o)
 *(.exceptions.irqreturn.user)
 *(.exceptions.irqreturn)
 .exceptions.irqreturn
                0x0000000000020088        0x4 ../Bai7_bsp/\libhal_bsp.a(alt_irq_entry.o)
 *(.exceptions.notirq.label)
 .exceptions.notirq.label
                0x000000000002008c        0x0 ../Bai7_bsp/\libhal_bsp.a(alt_irq_entry.o)
 *(.exceptions.notirq.user)
 *(.exceptions.notirq)
 .exceptions.notirq
                0x000000000002008c        0x8 ../Bai7_bsp/\libhal_bsp.a(alt_exception_entry.o)
 *(.exceptions.soft.user)
 *(.exceptions.soft)
 *(.exceptions.unknown.user)
 *(.exceptions.unknown)
 .exceptions.unknown
                0x0000000000020094       0x14 ../Bai7_bsp/\libhal_bsp.a(alt_exception_entry.o)
 *(.exceptions.exit.label)
 .exceptions.exit.label
                0x00000000000200a8        0x0 ../Bai7_bsp/\libhal_bsp.a(alt_irq_entry.o)
 .exceptions.exit.label
                0x00000000000200a8        0x0 ../Bai7_bsp/\libhal_bsp.a(alt_exception_entry.o)
 *(.exceptions.exit.user)
 *(.exceptions.exit)
 .exceptions.exit
                0x00000000000200a8       0x54 ../Bai7_bsp/\libhal_bsp.a(alt_exception_entry.o)
 *(.exceptions)
 .exceptions    0x00000000000200fc       0xd4 ../Bai7_bsp/\libhal_bsp.a(alt_irq_handler.o)
                0x00000000000200fc                alt_irq_handler
 .exceptions    0x00000000000201d0       0x60 ../Bai7_bsp/\libhal_bsp.a(alt_instruction_exception_entry.o)
                0x00000000000201d0                alt_instruction_exception_entry
                0x0000000000020230                PROVIDE (__ram_exceptions_end, ABSOLUTE (.))
                0x0000000000020020                PROVIDE (__flash_exceptions_start, LOADADDR (.exceptions))

.text           0x0000000000020230     0x20ac
                [!provide]                        PROVIDE (stext, ABSOLUTE (.))
 *(.interp)
 *(.hash)
 *(.dynsym)
 *(.dynstr)
 *(.gnu.version)
 *(.gnu.version_d)
 *(.gnu.version_r)
 *(.rel.init)
 *(.rela.init)
 *(.rel.text .rel.text.* .rel.gnu.linkonce.t.*)
 *(.rela.text .rela.text.* .rela.gnu.linkonce.t.*)
 *(.rel.fini)
 *(.rela.fini)
 *(.rel.rodata .rel.rodata.* .rel.gnu.linkonce.r.*)
 *(.rela.rodata .rela.rodata.* .rela.gnu.linkonce.r.*)
 *(.rel.data .rel.data.* .rel.gnu.linkonce.d.*)
 *(.rela.data .rela.data.* .rela.gnu.linkonce.d.*)
 *(.rel.tdata .rel.tdata.* .rel.gnu.linkonce.td.*)
 *(.rela.tdata .rela.tdata.* .rela.gnu.linkonce.td.*)
 *(.rel.tbss .rel.tbss.* .rel.gnu.linkonce.tb.*)
 *(.rela.tbss .rela.tbss.* .rela.gnu.linkonce.tb.*)
 *(.rel.ctors)
 *(.rela.ctors)
 *(.rel.dtors)
 *(.rela.dtors)
 *(.rel.got)
 *(.rela.got)
 *(.rel.sdata .rel.sdata.* .rel.gnu.linkonce.s.*)
 *(.rela.sdata .rela.sdata.* .rela.gnu.linkonce.s.*)
 *(.rel.sbss .rel.sbss.* .rel.gnu.linkonce.sb.*)
 *(.rela.sbss .rela.sbss.* .rela.gnu.linkonce.sb.*)
 *(.rel.sdata2 .rel.sdata2.* .rel.gnu.linkonce.s2.*)
 *(.rela.sdata2 .rela.sdata2.* .rela.gnu.linkonce.s2.*)
 *(.rel.sbss2 .rel.sbss2.* .rel.gnu.linkonce.sb2.*)
 *(.rela.sbss2 .rela.sbss2.* .rela.gnu.linkonce.sb2.*)
 *(.rel.bss .rel.bss.* .rel.gnu.linkonce.b.*)
 *(.rela.bss .rela.bss.* .rela.gnu.linkonce.b.*)
 *(.rel.plt)
 *(.rela.plt)
 *(.rel.dyn)
 *(.init)
 *(.plt)
 *(.text .stub .text.* .gnu.linkonce.t.*)
 .text          0x0000000000020230       0x1c ../Bai7_bsp//obj/HAL/src/crt0.o
                0x0000000000020230                _start
 .text          0x000000000002024c      0x104 obj/default/source.o
                0x000000000002024c                timer_Init
                0x00000000000202c0                Timer_IRQ_Handler
                0x000000000002031c                main
 .text          0x0000000000020350        0x0 d:/quartus_main/nios2eds/bin/gnu/h-x86_64-mingw32/bin/../lib/gcc/nios2-elf/5.3.0/../../../../../H-x86_64-mingw32/nios2-elf/lib/mno-hw-mul\libsmallc.a(lib_a-printf.o)
 .text._printf_r
                0x0000000000020350       0x3c d:/quartus_main/nios2eds/bin/gnu/h-x86_64-mingw32/bin/../lib/gcc/nios2-elf/5.3.0/../../../../../H-x86_64-mingw32/nios2-elf/lib/mno-hw-mul\libsmallc.a(lib_a-printf.o)
                0x0000000000020350                _printf_r
 .text.printf   0x000000000002038c       0x4c d:/quartus_main/nios2eds/bin/gnu/h-x86_64-mingw32/bin/../lib/gcc/nios2-elf/5.3.0/../../../../../H-x86_64-mingw32/nios2-elf/lib/mno-hw-mul\libsmallc.a(lib_a-printf.o)
                0x000000000002038c                printf
 .text          0x00000000000203d8        0x0 d:/quartus_main/nios2eds/bin/gnu/h-x86_64-mingw32/bin/../lib/gcc/nios2-elf/5.3.0/../../../../../H-x86_64-mingw32/nios2-elf/lib/mno-hw-mul\libsmallc.a(lib_a-vfprintf.o)
 .text.print_repeat
                0x00000000000203d8       0x6c d:/quartus_main/nios2eds/bin/gnu/h-x86_64-mingw32/bin/../lib/gcc/nios2-elf/5.3.0/../../../../../H-x86_64-mingw32/nios2-elf/lib/mno-hw-mul\libsmallc.a(lib_a-vfprintf.o)
 .text.___vfprintf_internal_r
                0x0000000000020444      0x52c d:/quartus_main/nios2eds/bin/gnu/h-x86_64-mingw32/bin/../lib/gcc/nios2-elf/5.3.0/../../../../../H-x86_64-mingw32/nios2-elf/lib/mno-hw-mul\libsmallc.a(lib_a-vfprintf.o)
                0x0000000000020444                ___vfprintf_internal_r
 .text.__vfprintf_internal
                0x0000000000020970       0x1c d:/quartus_main/nios2eds/bin/gnu/h-x86_64-mingw32/bin/../lib/gcc/nios2-elf/5.3.0/../../../../../H-x86_64-mingw32/nios2-elf/lib/mno-hw-mul\libsmallc.a(lib_a-vfprintf.o)
                0x0000000000020970                __vfprintf_internal
 .text          0x000000000002098c        0x0 d:/quartus_main/nios2eds/bin/gnu/h-x86_64-mingw32/bin/../lib/gcc/nios2-elf/5.3.0/../../../../../H-x86_64-mingw32/nios2-elf/lib/mno-hw-mul\libsmallc.a(lib_a-fvwrite_small_dev.o)
 .text.__sfvwrite_small_dev
                0x000000000002098c       0xb8 d:/quartus_main/nios2eds/bin/gnu/h-x86_64-mingw32/bin/../lib/gcc/nios2-elf/5.3.0/../../../../../H-x86_64-mingw32/nios2-elf/lib/mno-hw-mul\libsmallc.a(lib_a-fvwrite_small_dev.o)
                0x000000000002098c                __sfvwrite_small_dev
 .text          0x0000000000020a44        0x0 d:/quartus_main/nios2eds/bin/gnu/h-x86_64-mingw32/bin/../lib/gcc/nios2-elf/5.3.0/../../../../../H-x86_64-mingw32/nios2-elf/lib/mno-hw-mul\libsmallc.a(lib_a-impure.o)
 .text          0x0000000000020a44        0x0 d:/quartus_main/nios2eds/bin/gnu/h-x86_64-mingw32/bin/../lib/gcc/nios2-elf/5.3.0/../../../../../H-x86_64-mingw32/nios2-elf/lib/mno-hw-mul\libsmallc.a(lib_a-strlen.o)
 .text.strlen   0x0000000000020a44       0x1c d:/quartus_main/nios2eds/bin/gnu/h-x86_64-mingw32/bin/../lib/gcc/nios2-elf/5.3.0/../../../../../H-x86_64-mingw32/nios2-elf/lib/mno-hw-mul\libsmallc.a(lib_a-strlen.o)
                0x0000000000020a44                strlen
 .text          0x0000000000020a60        0x0 d:/quartus_main/nios2eds/bin/gnu/h-x86_64-mingw32/bin/../lib/gcc/nios2-elf/5.3.0/../../../../../H-x86_64-mingw32/nios2-elf/lib/mno-hw-mul\libsmallc.a(lib_a-writer.o)
 .text._write_r
                0x0000000000020a60       0x58 d:/quartus_main/nios2eds/bin/gnu/h-x86_64-mingw32/bin/../lib/gcc/nios2-elf/5.3.0/../../../../../H-x86_64-mingw32/nios2-elf/lib/mno-hw-mul\libsmallc.a(lib_a-writer.o)
                0x0000000000020a60                _write_r
 .text          0x0000000000020ab8        0x0 d:/quartus_main/nios2eds/bin/gnu/h-x86_64-mingw32/bin/../lib/gcc/nios2-elf/5.3.0/../../../../../H-x86_64-mingw32/nios2-elf/lib/mno-hw-mul\libsmallc.a(lib_a-int_errno.o)
 .text          0x0000000000020ab8      0x1b4 d:/quartus_main/nios2eds/bin/gnu/h-x86_64-mingw32/bin/../lib/gcc/nios2-elf/5.3.0/mno-hw-mul\libgcc.a(lib2-divmod.o)
                0x0000000000020ab8                __divsi3
                0x0000000000020b3c                __modsi3
                0x0000000000020bb0                __udivsi3
                0x0000000000020c14                __umodsi3
 .text          0x0000000000020c6c       0x28 d:/quartus_main/nios2eds/bin/gnu/h-x86_64-mingw32/bin/../lib/gcc/nios2-elf/5.3.0/mno-hw-mul\libgcc.a(lib2-mul.o)
                0x0000000000020c6c                __mulsi3
 .text          0x0000000000020c94      0x1b0 ../Bai7_bsp/\libhal_bsp.a(alt_iic.o)
                0x0000000000020c94                alt_ic_isr_register
                0x0000000000020ce4                alt_ic_irq_enable
                0x0000000000020d6c                alt_ic_irq_disable
                0x0000000000020df8                alt_ic_irq_enabled
 .text          0x0000000000020e44       0xf0 ../Bai7_bsp/\libhal_bsp.a(alt_iic_isr_register.o)
                0x0000000000020e44                alt_iic_isr_register
 .text          0x0000000000020f34        0x0 ../Bai7_bsp/\libhal_bsp.a(alt_irq_entry.o)
 .text          0x0000000000020f34        0x0 ../Bai7_bsp/\libhal_bsp.a(alt_irq_handler.o)
 .text          0x0000000000020f34        0x0 ../Bai7_bsp/\libhal_bsp.a(alt_irq_vars.o)
 .text          0x0000000000020f34       0xec ../Bai7_bsp/\libhal_bsp.a(alt_load.o)
                0x0000000000020f9c                alt_load
 .text          0x0000000000021020       0x7c ../Bai7_bsp/\libhal_bsp.a(alt_main.o)
                0x0000000000021020                alt_main
 .text          0x000000000002109c      0x13c ../Bai7_bsp/\libhal_bsp.a(alt_write.o)
                0x00000000000210d8                write
 .text          0x00000000000211d8       0xa0 ../Bai7_bsp/\libhal_bsp.a(alt_sys_init.o)
                0x000000000002120c                alt_irq_init
                0x0000000000021244                alt_sys_init
 .text          0x0000000000021278       0xc0 ../Bai7_bsp/\libhal_bsp.a(altera_avalon_jtag_uart_fd.o)
                0x0000000000021278                altera_avalon_jtag_uart_read_fd
                0x00000000000212d8                altera_avalon_jtag_uart_write_fd
 .text          0x0000000000021338       0xec ../Bai7_bsp/\libhal_bsp.a(altera_avalon_jtag_uart_read.o)
                0x0000000000021338                altera_avalon_jtag_uart_read
 .text          0x0000000000021424       0x94 ../Bai7_bsp/\libhal_bsp.a(altera_avalon_jtag_uart_write.o)
                0x0000000000021424                altera_avalon_jtag_uart_write
 .text          0x00000000000214b8      0x114 ../Bai7_bsp/\libhal_bsp.a(alt_close.o)
                0x00000000000214f4                close
 .text          0x00000000000215cc       0x20 ../Bai7_bsp/\libhal_bsp.a(alt_dcache_flush_all.o)
                0x00000000000215cc                alt_dcache_flush_all
 .text          0x00000000000215ec       0x2c ../Bai7_bsp/\libhal_bsp.a(alt_dev.o)
 .text          0x0000000000021618       0xe0 ../Bai7_bsp/\libhal_bsp.a(alt_dev_llist_insert.o)
                0x0000000000021654                alt_dev_llist_insert
 .text          0x00000000000216f8       0x60 ../Bai7_bsp/\libhal_bsp.a(alt_do_ctors.o)
                0x00000000000216f8                _do_ctors
 .text          0x0000000000021758       0x60 ../Bai7_bsp/\libhal_bsp.a(alt_do_dtors.o)
                0x0000000000021758                _do_dtors
 .text          0x00000000000217b8        0x0 ../Bai7_bsp/\libhal_bsp.a(alt_errno.o)
 .text          0x00000000000217b8        0x0 ../Bai7_bsp/\libhal_bsp.a(alt_exception_entry.o)
 .text          0x00000000000217b8       0x20 ../Bai7_bsp/\libhal_bsp.a(alt_icache_flush_all.o)
                0x00000000000217b8                alt_icache_flush_all
 .text          0x00000000000217d8       0x9c ../Bai7_bsp/\libhal_bsp.a(alt_instruction_exception_entry.o)
                0x00000000000217d8                alt_exception_cause_generated_bad_addr
 .text          0x0000000000021874      0x160 ../Bai7_bsp/\libhal_bsp.a(alt_io_redirect.o)
                0x0000000000021958                alt_io_redirect
 .text          0x00000000000219d4      0x284 ../Bai7_bsp/\libhal_bsp.a(alt_open.o)
                0x0000000000021afc                open
 .text          0x0000000000021c58       0x84 ../Bai7_bsp/\libhal_bsp.a(alt_release_fd.o)
                0x0000000000021c58                alt_release_fd
 .text          0x0000000000021cdc       0x24 ../Bai7_bsp/\libhal_bsp.a(altera_nios2_gen2_irq.o)
                0x0000000000021cdc                altera_nios2_gen2_irq_init
 .text          0x0000000000021d00       0x90 ../Bai7_bsp/\libhal_bsp.a(alt_find_dev.o)
                0x0000000000021d00                alt_find_dev
 .text          0x0000000000021d90      0x108 ../Bai7_bsp/\libhal_bsp.a(alt_find_file.o)
                0x0000000000021d90                alt_find_file
 .text          0x0000000000021e98       0xc4 ../Bai7_bsp/\libhal_bsp.a(alt_get_fd.o)
                0x0000000000021e98                alt_get_fd
 .text          0x0000000000021f5c        0x0 d:/quartus_main/nios2eds/bin/gnu/h-x86_64-mingw32/bin/../lib/gcc/nios2-elf/5.3.0/../../../../../H-x86_64-mingw32/nios2-elf/lib/mno-hw-mul\libsmallc.a(lib_a-atexit.o)
 .text.atexit   0x0000000000021f5c       0x14 d:/quartus_main/nios2eds/bin/gnu/h-x86_64-mingw32/bin/../lib/gcc/nios2-elf/5.3.0/../../../../../H-x86_64-mingw32/nios2-elf/lib/mno-hw-mul\libsmallc.a(lib_a-atexit.o)
                0x0000000000021f5c                atexit
 .text          0x0000000000021f70        0x0 d:/quartus_main/nios2eds/bin/gnu/h-x86_64-mingw32/bin/../lib/gcc/nios2-elf/5.3.0/../../../../../H-x86_64-mingw32/nios2-elf/lib/mno-hw-mul\libsmallc.a(lib_a-exit.o)
 .text.exit     0x0000000000021f70       0x20 d:/quartus_main/nios2eds/bin/gnu/h-x86_64-mingw32/bin/../lib/gcc/nios2-elf/5.3.0/../../../../../H-x86_64-mingw32/nios2-elf/lib/mno-hw-mul\libsmallc.a(lib_a-exit.o)
                0x0000000000021f70                exit
 .text          0x0000000000021f90        0x0 d:/quartus_main/nios2eds/bin/gnu/h-x86_64-mingw32/bin/../lib/gcc/nios2-elf/5.3.0/../../../../../H-x86_64-mingw32/nios2-elf/lib/mno-hw-mul\libsmallc.a(lib_a-memcmp.o)
 .text.memcmp   0x0000000000021f90       0x30 d:/quartus_main/nios2eds/bin/gnu/h-x86_64-mingw32/bin/../lib/gcc/nios2-elf/5.3.0/../../../../../H-x86_64-mingw32/nios2-elf/lib/mno-hw-mul\libsmallc.a(lib_a-memcmp.o)
                0x0000000000021f90                memcmp
 .text          0x0000000000021fc0        0x0 d:/quartus_main/nios2eds/bin/gnu/h-x86_64-mingw32/bin/../lib/gcc/nios2-elf/5.3.0/../../../../../H-x86_64-mingw32/nios2-elf/lib/mno-hw-mul\libsmallc.a(lib_a-__atexit.o)
 .text.__register_exitproc
                0x0000000000021fc0      0x158 d:/quartus_main/nios2eds/bin/gnu/h-x86_64-mingw32/bin/../lib/gcc/nios2-elf/5.3.0/../../../../../H-x86_64-mingw32/nios2-elf/lib/mno-hw-mul\libsmallc.a(lib_a-__atexit.o)
                0x0000000000021fc0                __register_exitproc
 .text          0x0000000000022118        0x0 d:/quartus_main/nios2eds/bin/gnu/h-x86_64-mingw32/bin/../lib/gcc/nios2-elf/5.3.0/../../../../../H-x86_64-mingw32/nios2-elf/lib/mno-hw-mul\libsmallc.a(lib_a-__call_atexit.o)
 .text.__call_exitprocs
                0x0000000000022118      0x190 d:/quartus_main/nios2eds/bin/gnu/h-x86_64-mingw32/bin/../lib/gcc/nios2-elf/5.3.0/../../../../../H-x86_64-mingw32/nios2-elf/lib/mno-hw-mul\libsmallc.a(lib_a-__call_atexit.o)
                0x0000000000022118                __call_exitprocs
 .text          0x00000000000222a8       0x34 ../Bai7_bsp/\libhal_bsp.a(alt_exit.o)
                0x00000000000222a8                _exit
 *(.gnu.warning.*)
 *(.fini)
                [!provide]                        PROVIDE (__etext, ABSOLUTE (.))
                [!provide]                        PROVIDE (_etext, ABSOLUTE (.))
                [!provide]                        PROVIDE (etext, ABSOLUTE (.))
 *(.eh_frame_hdr)
                0x00000000000222dc                . = ALIGN (0x4)
                [!provide]                        PROVIDE (__preinit_array_start, ABSOLUTE (.))
 *(.preinit_array)
                [!provide]                        PROVIDE (__preinit_array_end, ABSOLUTE (.))
                [!provide]                        PROVIDE (__init_array_start, ABSOLUTE (.))
 *(.init_array)
                [!provide]                        PROVIDE (__init_array_end, ABSOLUTE (.))
                [!provide]                        PROVIDE (__fini_array_start, ABSOLUTE (.))
 *(.fini_array)
                [!provide]                        PROVIDE (__fini_array_end, ABSOLUTE (.))
 *(.eh_frame)
 *(.gcc_except_table .gcc_except_table.*)
 *(.dynamic)
                0x00000000000222dc                PROVIDE (__CTOR_LIST__, ABSOLUTE (.))
 *(.ctors)
 *(SORT(.ctors.*))
                0x00000000000222dc                PROVIDE (__CTOR_END__, ABSOLUTE (.))
                0x00000000000222dc                PROVIDE (__DTOR_LIST__, ABSOLUTE (.))
 *(.dtors)
 *(SORT(.dtors.*))
                0x00000000000222dc                PROVIDE (__DTOR_END__, ABSOLUTE (.))
 *(.jcr)
                0x00000000000222dc                . = ALIGN (0x4)

.rodata         0x00000000000222dc       0x4c
                0x00000000000222dc                PROVIDE (__ram_rodata_start, ABSOLUTE (.))
                0x00000000000222dc                . = ALIGN (0x4)
 *(.rodata .rodata.* .gnu.linkonce.r.*)
 .rodata        0x00000000000222dc       0x17 obj/default/source.o
 *fill*         0x00000000000222f3        0x1 
 .rodata        0x00000000000222f4       0x11 ../Bai7_bsp/\libhal_bsp.a(alt_main.o)
 *fill*         0x0000000000022305        0x3 
 .rodata        0x0000000000022308       0x11 ../Bai7_bsp/\libhal_bsp.a(alt_sys_init.o)
 *fill*         0x0000000000022319        0x3 
 .rodata        0x000000000002231c        0xa ../Bai7_bsp/\libhal_bsp.a(alt_dev.o)
 *(.rodata1)
                0x0000000000022328                . = ALIGN (0x4)
 *fill*         0x0000000000022326        0x2 
                0x0000000000022328                PROVIDE (__ram_rodata_end, ABSOLUTE (.))
                0x00000000000222dc                PROVIDE (__flash_rodata_start, LOADADDR (.rodata))

.rwdata         0x0000000000022328      0x2d8 load address 0x0000000000022600
                0x0000000000022328                PROVIDE (__ram_rwdata_start, ABSOLUTE (.))
                0x0000000000022328                . = ALIGN (0x4)
 *(.got.plt)
 *(.got)
 *(.data1)
 *(.data .data.* .gnu.linkonce.d.*)
 .data          0x0000000000022328        0x0 ../Bai7_bsp//obj/HAL/src/crt0.o
 .data          0x0000000000022328        0x0 obj/default/source.o
 .data          0x0000000000022328        0x0 d:/quartus_main/nios2eds/bin/gnu/h-x86_64-mingw32/bin/../lib/gcc/nios2-elf/5.3.0/../../../../../H-x86_64-mingw32/nios2-elf/lib/mno-hw-mul\libsmallc.a(lib_a-printf.o)
 .data          0x0000000000022328        0x0 d:/quartus_main/nios2eds/bin/gnu/h-x86_64-mingw32/bin/../lib/gcc/nios2-elf/5.3.0/../../../../../H-x86_64-mingw32/nios2-elf/lib/mno-hw-mul\libsmallc.a(lib_a-vfprintf.o)
 .data          0x0000000000022328        0x0 d:/quartus_main/nios2eds/bin/gnu/h-x86_64-mingw32/bin/../lib/gcc/nios2-elf/5.3.0/../../../../../H-x86_64-mingw32/nios2-elf/lib/mno-hw-mul\libsmallc.a(lib_a-fvwrite_small_dev.o)
 .data          0x0000000000022328        0x0 d:/quartus_main/nios2eds/bin/gnu/h-x86_64-mingw32/bin/../lib/gcc/nios2-elf/5.3.0/../../../../../H-x86_64-mingw32/nios2-elf/lib/mno-hw-mul\libsmallc.a(lib_a-impure.o)
 .data.impure_data
                0x0000000000022328       0xe0 d:/quartus_main/nios2eds/bin/gnu/h-x86_64-mingw32/bin/../lib/gcc/nios2-elf/5.3.0/../../../../../H-x86_64-mingw32/nios2-elf/lib/mno-hw-mul\libsmallc.a(lib_a-impure.o)
 .data          0x0000000000022408        0x0 d:/quartus_main/nios2eds/bin/gnu/h-x86_64-mingw32/bin/../lib/gcc/nios2-elf/5.3.0/../../../../../H-x86_64-mingw32/nios2-elf/lib/mno-hw-mul\libsmallc.a(lib_a-strlen.o)
 .data          0x0000000000022408        0x0 d:/quartus_main/nios2eds/bin/gnu/h-x86_64-mingw32/bin/../lib/gcc/nios2-elf/5.3.0/../../../../../H-x86_64-mingw32/nios2-elf/lib/mno-hw-mul\libsmallc.a(lib_a-writer.o)
 .data          0x0000000000022408        0x0 d:/quartus_main/nios2eds/bin/gnu/h-x86_64-mingw32/bin/../lib/gcc/nios2-elf/5.3.0/../../../../../H-x86_64-mingw32/nios2-elf/lib/mno-hw-mul\libsmallc.a(lib_a-int_errno.o)
 .data          0x0000000000022408        0x0 d:/quartus_main/nios2eds/bin/gnu/h-x86_64-mingw32/bin/../lib/gcc/nios2-elf/5.3.0/mno-hw-mul\libgcc.a(lib2-divmod.o)
 .data          0x0000000000022408        0x0 d:/quartus_main/nios2eds/bin/gnu/h-x86_64-mingw32/bin/../lib/gcc/nios2-elf/5.3.0/mno-hw-mul\libgcc.a(lib2-mul.o)
 .data          0x0000000000022408        0x0 ../Bai7_bsp/\libhal_bsp.a(alt_iic.o)
 .data          0x0000000000022408        0x0 ../Bai7_bsp/\libhal_bsp.a(alt_iic_isr_register.o)
 .data          0x0000000000022408        0x0 ../Bai7_bsp/\libhal_bsp.a(alt_irq_entry.o)
 .data          0x0000000000022408        0x0 ../Bai7_bsp/\libhal_bsp.a(alt_irq_handler.o)
 .data          0x0000000000022408        0x0 ../Bai7_bsp/\libhal_bsp.a(alt_irq_vars.o)
 .data          0x0000000000022408        0x0 ../Bai7_bsp/\libhal_bsp.a(alt_load.o)
 .data          0x0000000000022408        0x0 ../Bai7_bsp/\libhal_bsp.a(alt_main.o)
 .data          0x0000000000022408        0x0 ../Bai7_bsp/\libhal_bsp.a(alt_write.o)
 .data          0x0000000000022408       0x2c ../Bai7_bsp/\libhal_bsp.a(alt_sys_init.o)
 .data          0x0000000000022434        0x0 ../Bai7_bsp/\libhal_bsp.a(altera_avalon_jtag_uart_fd.o)
 .data          0x0000000000022434        0x0 ../Bai7_bsp/\libhal_bsp.a(altera_avalon_jtag_uart_read.o)
 .data          0x0000000000022434        0x0 ../Bai7_bsp/\libhal_bsp.a(altera_avalon_jtag_uart_write.o)
 .data          0x0000000000022434        0x0 ../Bai7_bsp/\libhal_bsp.a(alt_close.o)
 .data          0x0000000000022434        0x0 ../Bai7_bsp/\libhal_bsp.a(alt_dcache_flush_all.o)
 .data          0x0000000000022434      0x1a8 ../Bai7_bsp/\libhal_bsp.a(alt_dev.o)
                0x0000000000022434                alt_dev_null
                0x000000000002245c                alt_fd_list
 .data          0x00000000000225dc        0x0 ../Bai7_bsp/\libhal_bsp.a(alt_dev_llist_insert.o)
 .data          0x00000000000225dc        0x0 ../Bai7_bsp/\libhal_bsp.a(alt_do_ctors.o)
 .data          0x00000000000225dc        0x0 ../Bai7_bsp/\libhal_bsp.a(alt_do_dtors.o)
 .data          0x00000000000225dc        0x0 ../Bai7_bsp/\libhal_bsp.a(alt_errno.o)
 .data          0x00000000000225dc        0x0 ../Bai7_bsp/\libhal_bsp.a(alt_exception_entry.o)
 .data          0x00000000000225dc        0x0 ../Bai7_bsp/\libhal_bsp.a(alt_icache_flush_all.o)
 .data          0x00000000000225dc        0x0 ../Bai7_bsp/\libhal_bsp.a(alt_instruction_exception_entry.o)
 .data          0x00000000000225dc        0x0 ../Bai7_bsp/\libhal_bsp.a(alt_io_redirect.o)
 .data          0x00000000000225dc        0x0 ../Bai7_bsp/\libhal_bsp.a(alt_open.o)
 .data          0x00000000000225dc        0x0 ../Bai7_bsp/\libhal_bsp.a(alt_release_fd.o)
 .data          0x00000000000225dc        0x0 ../Bai7_bsp/\libhal_bsp.a(altera_nios2_gen2_irq.o)
 .data          0x00000000000225dc        0x0 ../Bai7_bsp/\libhal_bsp.a(alt_find_dev.o)
 .data          0x00000000000225dc        0x0 ../Bai7_bsp/\libhal_bsp.a(alt_find_file.o)
 .data          0x00000000000225dc        0x0 ../Bai7_bsp/\libhal_bsp.a(alt_get_fd.o)
 .data          0x00000000000225dc        0x0 d:/quartus_main/nios2eds/bin/gnu/h-x86_64-mingw32/bin/../lib/gcc/nios2-elf/5.3.0/../../../../../H-x86_64-mingw32/nios2-elf/lib/mno-hw-mul\libsmallc.a(lib_a-atexit.o)
 .data          0x00000000000225dc        0x0 d:/quartus_main/nios2eds/bin/gnu/h-x86_64-mingw32/bin/../lib/gcc/nios2-elf/5.3.0/../../../../../H-x86_64-mingw32/nios2-elf/lib/mno-hw-mul\libsmallc.a(lib_a-exit.o)
 .data          0x00000000000225dc        0x0 d:/quartus_main/nios2eds/bin/gnu/h-x86_64-mingw32/bin/../lib/gcc/nios2-elf/5.3.0/../../../../../H-x86_64-mingw32/nios2-elf/lib/mno-hw-mul\libsmallc.a(lib_a-memcmp.o)
 .data          0x00000000000225dc        0x0 d:/quartus_main/nios2eds/bin/gnu/h-x86_64-mingw32/bin/../lib/gcc/nios2-elf/5.3.0/../../../../../H-x86_64-mingw32/nios2-elf/lib/mno-hw-mul\libsmallc.a(lib_a-__atexit.o)
 .data          0x00000000000225dc        0x0 d:/quartus_main/nios2eds/bin/gnu/h-x86_64-mingw32/bin/../lib/gcc/nios2-elf/5.3.0/../../../../../H-x86_64-mingw32/nios2-elf/lib/mno-hw-mul\libsmallc.a(lib_a-__call_atexit.o)
 .data          0x00000000000225dc        0x0 ../Bai7_bsp/\libhal_bsp.a(alt_exit.o)
                0x000000000002a5dc                _gp = ABSOLUTE ((. + 0x8000))
                [!provide]                        PROVIDE (gp, _gp)
 *(.rwdata .rwdata.*)
 *(.sdata .sdata.* .gnu.linkonce.s.*)
 .sdata._global_impure_ptr
                0x00000000000225dc        0x4 d:/quartus_main/nios2eds/bin/gnu/h-x86_64-mingw32/bin/../lib/gcc/nios2-elf/5.3.0/../../../../../H-x86_64-mingw32/nios2-elf/lib/mno-hw-mul\libsmallc.a(lib_a-impure.o)
                0x00000000000225dc                _global_impure_ptr
 .sdata._impure_ptr
                0x00000000000225e0        0x4 d:/quartus_main/nios2eds/bin/gnu/h-x86_64-mingw32/bin/../lib/gcc/nios2-elf/5.3.0/../../../../../H-x86_64-mingw32/nios2-elf/lib/mno-hw-mul\libsmallc.a(lib_a-impure.o)
                0x00000000000225e0                _impure_ptr
 .sdata         0x00000000000225e4        0x4 ../Bai7_bsp/\libhal_bsp.a(alt_irq_vars.o)
                0x00000000000225e4                alt_priority_mask
 .sdata         0x00000000000225e8       0x14 ../Bai7_bsp/\libhal_bsp.a(alt_dev.o)
                0x00000000000225e8                alt_fs_list
                0x00000000000225f0                alt_dev_list
                0x00000000000225f8                alt_max_fd
 .sdata         0x00000000000225fc        0x4 ../Bai7_bsp/\libhal_bsp.a(alt_errno.o)
                0x00000000000225fc                alt_errno
 *(.sdata2 .sdata2.* .gnu.linkonce.s2.*)
                0x0000000000022600                . = ALIGN (0x4)
                0x0000000000022600                _edata = ABSOLUTE (.)
                [!provide]                        PROVIDE (edata, ABSOLUTE (.))
                0x0000000000022600                PROVIDE (__ram_rwdata_end, ABSOLUTE (.))
                0x0000000000022600                PROVIDE (__flash_rwdata_start, LOADADDR (.rwdata))

.bss            0x00000000000228d8      0x11c
                0x00000000000228d8                __bss_start = ABSOLUTE (.)
                [!provide]                        PROVIDE (__sbss_start, ABSOLUTE (.))
                [!provide]                        PROVIDE (___sbss_start, ABSOLUTE (.))
 *(.dynsbss)
 *(.sbss .sbss.* .gnu.linkonce.sb.*)
 .sbss          0x00000000000228d8        0x4 obj/default/source.o
                0x00000000000228d8                counter
 .sbss          0x00000000000228dc        0x4 d:/quartus_main/nios2eds/bin/gnu/h-x86_64-mingw32/bin/../lib/gcc/nios2-elf/5.3.0/../../../../../H-x86_64-mingw32/nios2-elf/lib/mno-hw-mul\libsmallc.a(lib_a-int_errno.o)
                0x00000000000228dc                errno
 .sbss          0x00000000000228e0        0x4 ../Bai7_bsp/\libhal_bsp.a(alt_irq_vars.o)
                0x00000000000228e0                alt_irq_active
 .sbss          0x00000000000228e4        0xc ../Bai7_bsp/\libhal_bsp.a(alt_main.o)
                0x00000000000228e4                alt_argc
                0x00000000000228e8                alt_argv
                0x00000000000228ec                alt_envp
 .sbss          0x00000000000228f0        0x4 ../Bai7_bsp/\libhal_bsp.a(alt_instruction_exception_entry.o)
                0x00000000000228f0                alt_instruction_exception_handler
 *(.sbss2 .sbss2.* .gnu.linkonce.sb2.*)
 *(.scommon)
                [!provide]                        PROVIDE (__sbss_end, ABSOLUTE (.))
                [!provide]                        PROVIDE (___sbss_end, ABSOLUTE (.))
 *(.dynbss)
 *(.bss .bss.* .gnu.linkonce.b.*)
 .bss           0x00000000000228f4        0x0 ../Bai7_bsp//obj/HAL/src/crt0.o
 .bss           0x00000000000228f4        0x0 obj/default/source.o
 .bss           0x00000000000228f4        0x0 d:/quartus_main/nios2eds/bin/gnu/h-x86_64-mingw32/bin/../lib/gcc/nios2-elf/5.3.0/../../../../../H-x86_64-mingw32/nios2-elf/lib/mno-hw-mul\libsmallc.a(lib_a-printf.o)
 .bss           0x00000000000228f4        0x0 d:/quartus_main/nios2eds/bin/gnu/h-x86_64-mingw32/bin/../lib/gcc/nios2-elf/5.3.0/../../../../../H-x86_64-mingw32/nios2-elf/lib/mno-hw-mul\libsmallc.a(lib_a-vfprintf.o)
 .bss           0x00000000000228f4        0x0 d:/quartus_main/nios2eds/bin/gnu/h-x86_64-mingw32/bin/../lib/gcc/nios2-elf/5.3.0/../../../../../H-x86_64-mingw32/nios2-elf/lib/mno-hw-mul\libsmallc.a(lib_a-fvwrite_small_dev.o)
 .bss           0x00000000000228f4        0x0 d:/quartus_main/nios2eds/bin/gnu/h-x86_64-mingw32/bin/../lib/gcc/nios2-elf/5.3.0/../../../../../H-x86_64-mingw32/nios2-elf/lib/mno-hw-mul\libsmallc.a(lib_a-impure.o)
 .bss           0x00000000000228f4        0x0 d:/quartus_main/nios2eds/bin/gnu/h-x86_64-mingw32/bin/../lib/gcc/nios2-elf/5.3.0/../../../../../H-x86_64-mingw32/nios2-elf/lib/mno-hw-mul\libsmallc.a(lib_a-strlen.o)
 .bss           0x00000000000228f4        0x0 d:/quartus_main/nios2eds/bin/gnu/h-x86_64-mingw32/bin/../lib/gcc/nios2-elf/5.3.0/../../../../../H-x86_64-mingw32/nios2-elf/lib/mno-hw-mul\libsmallc.a(lib_a-writer.o)
 .bss           0x00000000000228f4        0x0 d:/quartus_main/nios2eds/bin/gnu/h-x86_64-mingw32/bin/../lib/gcc/nios2-elf/5.3.0/../../../../../H-x86_64-mingw32/nios2-elf/lib/mno-hw-mul\libsmallc.a(lib_a-int_errno.o)
 .bss           0x00000000000228f4        0x0 d:/quartus_main/nios2eds/bin/gnu/h-x86_64-mingw32/bin/../lib/gcc/nios2-elf/5.3.0/mno-hw-mul\libgcc.a(lib2-divmod.o)
 .bss           0x00000000000228f4        0x0 d:/quartus_main/nios2eds/bin/gnu/h-x86_64-mingw32/bin/../lib/gcc/nios2-elf/5.3.0/mno-hw-mul\libgcc.a(lib2-mul.o)
 .bss           0x00000000000228f4        0x0 ../Bai7_bsp/\libhal_bsp.a(alt_iic.o)
 .bss           0x00000000000228f4        0x0 ../Bai7_bsp/\libhal_bsp.a(alt_iic_isr_register.o)
 .bss           0x00000000000228f4        0x0 ../Bai7_bsp/\libhal_bsp.a(alt_irq_entry.o)
 .bss           0x00000000000228f4        0x0 ../Bai7_bsp/\libhal_bsp.a(alt_irq_handler.o)
 .bss           0x00000000000228f4        0x0 ../Bai7_bsp/\libhal_bsp.a(alt_irq_vars.o)
 .bss           0x00000000000228f4        0x0 ../Bai7_bsp/\libhal_bsp.a(alt_load.o)
 .bss           0x00000000000228f4        0x0 ../Bai7_bsp/\libhal_bsp.a(alt_main.o)
 .bss           0x00000000000228f4        0x0 ../Bai7_bsp/\libhal_bsp.a(alt_write.o)
 .bss           0x00000000000228f4        0x0 ../Bai7_bsp/\libhal_bsp.a(alt_sys_init.o)
 .bss           0x00000000000228f4        0x0 ../Bai7_bsp/\libhal_bsp.a(altera_avalon_jtag_uart_fd.o)
 .bss           0x00000000000228f4        0x0 ../Bai7_bsp/\libhal_bsp.a(altera_avalon_jtag_uart_read.o)
 .bss           0x00000000000228f4        0x0 ../Bai7_bsp/\libhal_bsp.a(altera_avalon_jtag_uart_write.o)
 .bss           0x00000000000228f4        0x0 ../Bai7_bsp/\libhal_bsp.a(alt_close.o)
 .bss           0x00000000000228f4        0x0 ../Bai7_bsp/\libhal_bsp.a(alt_dcache_flush_all.o)
 .bss           0x00000000000228f4        0x0 ../Bai7_bsp/\libhal_bsp.a(alt_dev.o)
 .bss           0x00000000000228f4        0x0 ../Bai7_bsp/\libhal_bsp.a(alt_dev_llist_insert.o)
 .bss           0x00000000000228f4        0x0 ../Bai7_bsp/\libhal_bsp.a(alt_do_ctors.o)
 .bss           0x00000000000228f4        0x0 ../Bai7_bsp/\libhal_bsp.a(alt_do_dtors.o)
 .bss           0x00000000000228f4        0x0 ../Bai7_bsp/\libhal_bsp.a(alt_errno.o)
 .bss           0x00000000000228f4        0x0 ../Bai7_bsp/\libhal_bsp.a(alt_exception_entry.o)
 .bss           0x00000000000228f4        0x0 ../Bai7_bsp/\libhal_bsp.a(alt_icache_flush_all.o)
 .bss           0x00000000000228f4        0x0 ../Bai7_bsp/\libhal_bsp.a(alt_instruction_exception_entry.o)
 .bss           0x00000000000228f4        0x0 ../Bai7_bsp/\libhal_bsp.a(alt_io_redirect.o)
 .bss           0x00000000000228f4        0x0 ../Bai7_bsp/\libhal_bsp.a(alt_open.o)
 .bss           0x00000000000228f4        0x0 ../Bai7_bsp/\libhal_bsp.a(alt_release_fd.o)
 .bss           0x00000000000228f4        0x0 ../Bai7_bsp/\libhal_bsp.a(altera_nios2_gen2_irq.o)
 .bss           0x00000000000228f4        0x0 ../Bai7_bsp/\libhal_bsp.a(alt_find_dev.o)
 .bss           0x00000000000228f4        0x0 ../Bai7_bsp/\libhal_bsp.a(alt_find_file.o)
 .bss           0x00000000000228f4        0x0 ../Bai7_bsp/\libhal_bsp.a(alt_get_fd.o)
 .bss           0x00000000000228f4        0x0 d:/quartus_main/nios2eds/bin/gnu/h-x86_64-mingw32/bin/../lib/gcc/nios2-elf/5.3.0/../../../../../H-x86_64-mingw32/nios2-elf/lib/mno-hw-mul\libsmallc.a(lib_a-atexit.o)
 .bss           0x00000000000228f4        0x0 d:/quartus_main/nios2eds/bin/gnu/h-x86_64-mingw32/bin/../lib/gcc/nios2-elf/5.3.0/../../../../../H-x86_64-mingw32/nios2-elf/lib/mno-hw-mul\libsmallc.a(lib_a-exit.o)
 .bss           0x00000000000228f4        0x0 d:/quartus_main/nios2eds/bin/gnu/h-x86_64-mingw32/bin/../lib/gcc/nios2-elf/5.3.0/../../../../../H-x86_64-mingw32/nios2-elf/lib/mno-hw-mul\libsmallc.a(lib_a-memcmp.o)
 .bss           0x00000000000228f4        0x0 d:/quartus_main/nios2eds/bin/gnu/h-x86_64-mingw32/bin/../lib/gcc/nios2-elf/5.3.0/../../../../../H-x86_64-mingw32/nios2-elf/lib/mno-hw-mul\libsmallc.a(lib_a-__atexit.o)
 .bss           0x00000000000228f4        0x0 d:/quartus_main/nios2eds/bin/gnu/h-x86_64-mingw32/bin/../lib/gcc/nios2-elf/5.3.0/../../../../../H-x86_64-mingw32/nios2-elf/lib/mno-hw-mul\libsmallc.a(lib_a-__call_atexit.o)
 .bss           0x00000000000228f4        0x0 ../Bai7_bsp/\libhal_bsp.a(alt_exit.o)
 *(COMMON)
 COMMON         0x00000000000228f4      0x100 ../Bai7_bsp/\libhal_bsp.a(alt_irq_handler.o)
                0x00000000000228f4                alt_irq
                0x00000000000229f4                . = ALIGN (0x4)
                0x00000000000229f4                __bss_end = ABSOLUTE (.)

.onchip_memory2_0
                0x00000000000229f4        0x0
                [!provide]                        PROVIDE (_alt_partition_onchip_memory2_0_start, ABSOLUTE (.))
 *(.onchip_memory2_0 .onchip_memory2_0. onchip_memory2_0.*)
                0x00000000000229f4                . = ALIGN (0x4)
                [!provide]                        PROVIDE (_alt_partition_onchip_memory2_0_end, ABSOLUTE (.))
                0x00000000000229f4                _end = ABSOLUTE (.)
                0x00000000000229f4                end = ABSOLUTE (.)
                0x00000000000229f4                __alt_stack_base = ABSOLUTE (.)
                [!provide]                        PROVIDE (_alt_partition_onchip_memory2_0_load_addr, LOADADDR (.onchip_memory2_0))

.stab
 *(.stab)

.stabstr
 *(.stabstr)

.stab.excl
 *(.stab.excl)

.stab.exclstr
 *(.stab.exclstr)

.stab.index
 *(.stab.index)

.stab.indexstr
 *(.stab.indexstr)

.comment        0x0000000000000000       0x23
 *(.comment)
 .comment       0x0000000000000000       0x23 obj/default/source.o
                                         0x24 (size before relaxing)
 .comment       0x0000000000000023       0x24 d:/quartus_main/nios2eds/bin/gnu/h-x86_64-mingw32/bin/../lib/gcc/nios2-elf/5.3.0/../../../../../H-x86_64-mingw32/nios2-elf/lib/mno-hw-mul\libsmallc.a(lib_a-printf.o)
 .comment       0x0000000000000023       0x24 d:/quartus_main/nios2eds/bin/gnu/h-x86_64-mingw32/bin/../lib/gcc/nios2-elf/5.3.0/../../../../../H-x86_64-mingw32/nios2-elf/lib/mno-hw-mul\libsmallc.a(lib_a-vfprintf.o)
 .comment       0x0000000000000023       0x24 d:/quartus_main/nios2eds/bin/gnu/h-x86_64-mingw32/bin/../lib/gcc/nios2-elf/5.3.0/../../../../../H-x86_64-mingw32/nios2-elf/lib/mno-hw-mul\libsmallc.a(lib_a-fvwrite_small_dev.o)
 .comment       0x0000000000000023       0x24 d:/quartus_main/nios2eds/bin/gnu/h-x86_64-mingw32/bin/../lib/gcc/nios2-elf/5.3.0/../../../../../H-x86_64-mingw32/nios2-elf/lib/mno-hw-mul\libsmallc.a(lib_a-impure.o)
 .comment       0x0000000000000023       0x24 d:/quartus_main/nios2eds/bin/gnu/h-x86_64-mingw32/bin/../lib/gcc/nios2-elf/5.3.0/../../../../../H-x86_64-mingw32/nios2-elf/lib/mno-hw-mul\libsmallc.a(lib_a-strlen.o)
 .comment       0x0000000000000023       0x24 d:/quartus_main/nios2eds/bin/gnu/h-x86_64-mingw32/bin/../lib/gcc/nios2-elf/5.3.0/../../../../../H-x86_64-mingw32/nios2-elf/lib/mno-hw-mul\libsmallc.a(lib_a-writer.o)
 .comment       0x0000000000000023       0x24 d:/quartus_main/nios2eds/bin/gnu/h-x86_64-mingw32/bin/../lib/gcc/nios2-elf/5.3.0/../../../../../H-x86_64-mingw32/nios2-elf/lib/mno-hw-mul\libsmallc.a(lib_a-int_errno.o)
 .comment       0x0000000000000023       0x24 d:/quartus_main/nios2eds/bin/gnu/h-x86_64-mingw32/bin/../lib/gcc/nios2-elf/5.3.0/mno-hw-mul\libgcc.a(lib2-divmod.o)
 .comment       0x0000000000000023       0x24 d:/quartus_main/nios2eds/bin/gnu/h-x86_64-mingw32/bin/../lib/gcc/nios2-elf/5.3.0/mno-hw-mul\libgcc.a(lib2-mul.o)
 .comment       0x0000000000000023       0x24 ../Bai7_bsp/\libhal_bsp.a(alt_iic.o)
 .comment       0x0000000000000023       0x24 ../Bai7_bsp/\libhal_bsp.a(alt_iic_isr_register.o)
 .comment       0x0000000000000023       0x24 ../Bai7_bsp/\libhal_bsp.a(alt_irq_handler.o)
 .comment       0x0000000000000023       0x24 ../Bai7_bsp/\libhal_bsp.a(alt_irq_vars.o)
 .comment       0x0000000000000023       0x24 ../Bai7_bsp/\libhal_bsp.a(alt_load.o)
 .comment       0x0000000000000023       0x24 ../Bai7_bsp/\libhal_bsp.a(alt_main.o)
 .comment       0x0000000000000023       0x24 ../Bai7_bsp/\libhal_bsp.a(alt_write.o)
 .comment       0x0000000000000023       0x24 ../Bai7_bsp/\libhal_bsp.a(alt_sys_init.o)
 .comment       0x0000000000000023       0x24 ../Bai7_bsp/\libhal_bsp.a(altera_avalon_jtag_uart_fd.o)
 .comment       0x0000000000000023       0x24 ../Bai7_bsp/\libhal_bsp.a(altera_avalon_jtag_uart_read.o)
 .comment       0x0000000000000023       0x24 ../Bai7_bsp/\libhal_bsp.a(altera_avalon_jtag_uart_write.o)
 .comment       0x0000000000000023       0x24 ../Bai7_bsp/\libhal_bsp.a(alt_close.o)
 .comment       0x0000000000000023       0x24 ../Bai7_bsp/\libhal_bsp.a(alt_dcache_flush_all.o)
 .comment       0x0000000000000023       0x24 ../Bai7_bsp/\libhal_bsp.a(alt_dev.o)
 .comment       0x0000000000000023       0x24 ../Bai7_bsp/\libhal_bsp.a(alt_dev_llist_insert.o)
 .comment       0x0000000000000023       0x24 ../Bai7_bsp/\libhal_bsp.a(alt_do_ctors.o)
 .comment       0x0000000000000023       0x24 ../Bai7_bsp/\libhal_bsp.a(alt_do_dtors.o)
 .comment       0x0000000000000023       0x24 ../Bai7_bsp/\libhal_bsp.a(alt_errno.o)
 .comment       0x0000000000000023       0x24 ../Bai7_bsp/\libhal_bsp.a(alt_icache_flush_all.o)
 .comment       0x0000000000000023       0x24 ../Bai7_bsp/\libhal_bsp.a(alt_instruction_exception_entry.o)
 .comment       0x0000000000000023       0x24 ../Bai7_bsp/\libhal_bsp.a(alt_io_redirect.o)
 .comment       0x0000000000000023       0x24 ../Bai7_bsp/\libhal_bsp.a(alt_open.o)
 .comment       0x0000000000000023       0x24 ../Bai7_bsp/\libhal_bsp.a(alt_release_fd.o)
 .comment       0x0000000000000023       0x24 ../Bai7_bsp/\libhal_bsp.a(altera_nios2_gen2_irq.o)
 .comment       0x0000000000000023       0x24 ../Bai7_bsp/\libhal_bsp.a(alt_find_dev.o)
 .comment       0x0000000000000023       0x24 ../Bai7_bsp/\libhal_bsp.a(alt_find_file.o)
 .comment       0x0000000000000023       0x24 ../Bai7_bsp/\libhal_bsp.a(alt_get_fd.o)
 .comment       0x0000000000000023       0x24 d:/quartus_main/nios2eds/bin/gnu/h-x86_64-mingw32/bin/../lib/gcc/nios2-elf/5.3.0/../../../../../H-x86_64-mingw32/nios2-elf/lib/mno-hw-mul\libsmallc.a(lib_a-atexit.o)
 .comment       0x0000000000000023       0x24 d:/quartus_main/nios2eds/bin/gnu/h-x86_64-mingw32/bin/../lib/gcc/nios2-elf/5.3.0/../../../../../H-x86_64-mingw32/nios2-elf/lib/mno-hw-mul\libsmallc.a(lib_a-exit.o)
 .comment       0x0000000000000023       0x24 d:/quartus_main/nios2eds/bin/gnu/h-x86_64-mingw32/bin/../lib/gcc/nios2-elf/5.3.0/../../../../../H-x86_64-mingw32/nios2-elf/lib/mno-hw-mul\libsmallc.a(lib_a-memcmp.o)
 .comment       0x0000000000000023       0x24 d:/quartus_main/nios2eds/bin/gnu/h-x86_64-mingw32/bin/../lib/gcc/nios2-elf/5.3.0/../../../../../H-x86_64-mingw32/nios2-elf/lib/mno-hw-mul\libsmallc.a(lib_a-__atexit.o)
 .comment       0x0000000000000023       0x24 d:/quartus_main/nios2eds/bin/gnu/h-x86_64-mingw32/bin/../lib/gcc/nios2-elf/5.3.0/../../../../../H-x86_64-mingw32/nios2-elf/lib/mno-hw-mul\libsmallc.a(lib_a-__call_atexit.o)
 .comment       0x0000000000000023       0x24 ../Bai7_bsp/\libhal_bsp.a(alt_exit.o)

.debug
 *(.debug)

.line
 *(.line)

.debug_srcinfo
 *(.debug_srcinfo)

.debug_sfnames
 *(.debug_sfnames)

.debug_aranges  0x0000000000000000      0x5f0
 *(.debug_aranges)
 .debug_aranges
                0x0000000000000000       0x28 ../Bai7_bsp//obj/HAL/src/crt0.o
 .debug_aranges
                0x0000000000000028       0x20 obj/default/source.o
 .debug_aranges
                0x0000000000000048       0x28 d:/quartus_main/nios2eds/bin/gnu/h-x86_64-mingw32/bin/../lib/gcc/nios2-elf/5.3.0/../../../../../H-x86_64-mingw32/nios2-elf/lib/mno-hw-mul\libsmallc.a(lib_a-printf.o)
 .debug_aranges
                0x0000000000000070       0x30 d:/quartus_main/nios2eds/bin/gnu/h-x86_64-mingw32/bin/../lib/gcc/nios2-elf/5.3.0/../../../../../H-x86_64-mingw32/nios2-elf/lib/mno-hw-mul\libsmallc.a(lib_a-vfprintf.o)
 .debug_aranges
                0x00000000000000a0       0x20 d:/quartus_main/nios2eds/bin/gnu/h-x86_64-mingw32/bin/../lib/gcc/nios2-elf/5.3.0/../../../../../H-x86_64-mingw32/nios2-elf/lib/mno-hw-mul\libsmallc.a(lib_a-fvwrite_small_dev.o)
 .debug_aranges
                0x00000000000000c0       0x18 d:/quartus_main/nios2eds/bin/gnu/h-x86_64-mingw32/bin/../lib/gcc/nios2-elf/5.3.0/../../../../../H-x86_64-mingw32/nios2-elf/lib/mno-hw-mul\libsmallc.a(lib_a-impure.o)
 .debug_aranges
                0x00000000000000d8       0x20 d:/quartus_main/nios2eds/bin/gnu/h-x86_64-mingw32/bin/../lib/gcc/nios2-elf/5.3.0/../../../../../H-x86_64-mingw32/nios2-elf/lib/mno-hw-mul\libsmallc.a(lib_a-strlen.o)
 .debug_aranges
                0x00000000000000f8       0x20 d:/quartus_main/nios2eds/bin/gnu/h-x86_64-mingw32/bin/../lib/gcc/nios2-elf/5.3.0/../../../../../H-x86_64-mingw32/nios2-elf/lib/mno-hw-mul\libsmallc.a(lib_a-writer.o)
 .debug_aranges
                0x0000000000000118       0x18 d:/quartus_main/nios2eds/bin/gnu/h-x86_64-mingw32/bin/../lib/gcc/nios2-elf/5.3.0/../../../../../H-x86_64-mingw32/nios2-elf/lib/mno-hw-mul\libsmallc.a(lib_a-int_errno.o)
 .debug_aranges
                0x0000000000000130       0x20 d:/quartus_main/nios2eds/bin/gnu/h-x86_64-mingw32/bin/../lib/gcc/nios2-elf/5.3.0/mno-hw-mul\libgcc.a(lib2-divmod.o)
 .debug_aranges
                0x0000000000000150       0x20 d:/quartus_main/nios2eds/bin/gnu/h-x86_64-mingw32/bin/../lib/gcc/nios2-elf/5.3.0/mno-hw-mul\libgcc.a(lib2-mul.o)
 .debug_aranges
                0x0000000000000170       0x20 ../Bai7_bsp/\libhal_bsp.a(alt_iic.o)
 .debug_aranges
                0x0000000000000190       0x20 ../Bai7_bsp/\libhal_bsp.a(alt_iic_isr_register.o)
 .debug_aranges
                0x00000000000001b0       0x30 ../Bai7_bsp/\libhal_bsp.a(alt_irq_entry.o)
 .debug_aranges
                0x00000000000001e0       0x20 ../Bai7_bsp/\libhal_bsp.a(alt_irq_handler.o)
 .debug_aranges
                0x0000000000000200       0x18 ../Bai7_bsp/\libhal_bsp.a(alt_irq_vars.o)
 .debug_aranges
                0x0000000000000218       0x20 ../Bai7_bsp/\libhal_bsp.a(alt_load.o)
 .debug_aranges
                0x0000000000000238       0x20 ../Bai7_bsp/\libhal_bsp.a(alt_main.o)
 .debug_aranges
                0x0000000000000258       0x20 ../Bai7_bsp/\libhal_bsp.a(alt_write.o)
 .debug_aranges
                0x0000000000000278       0x20 ../Bai7_bsp/\libhal_bsp.a(alt_sys_init.o)
 .debug_aranges
                0x0000000000000298       0x20 ../Bai7_bsp/\libhal_bsp.a(altera_avalon_jtag_uart_fd.o)
 .debug_aranges
                0x00000000000002b8       0x20 ../Bai7_bsp/\libhal_bsp.a(altera_avalon_jtag_uart_read.o)
 .debug_aranges
                0x00000000000002d8       0x20 ../Bai7_bsp/\libhal_bsp.a(altera_avalon_jtag_uart_write.o)
 .debug_aranges
                0x00000000000002f8       0x20 ../Bai7_bsp/\libhal_bsp.a(alt_close.o)
 .debug_aranges
                0x0000000000000318       0x20 ../Bai7_bsp/\libhal_bsp.a(alt_dcache_flush_all.o)
 .debug_aranges
                0x0000000000000338       0x20 ../Bai7_bsp/\libhal_bsp.a(alt_dev.o)
 .debug_aranges
                0x0000000000000358       0x20 ../Bai7_bsp/\libhal_bsp.a(alt_dev_llist_insert.o)
 .debug_aranges
                0x0000000000000378       0x20 ../Bai7_bsp/\libhal_bsp.a(alt_do_ctors.o)
 .debug_aranges
                0x0000000000000398       0x20 ../Bai7_bsp/\libhal_bsp.a(alt_do_dtors.o)
 .debug_aranges
                0x00000000000003b8       0x18 ../Bai7_bsp/\libhal_bsp.a(alt_errno.o)
 .debug_aranges
                0x00000000000003d0       0x38 ../Bai7_bsp/\libhal_bsp.a(alt_exception_entry.o)
 .debug_aranges
                0x0000000000000408       0x20 ../Bai7_bsp/\libhal_bsp.a(alt_icache_flush_all.o)
 .debug_aranges
                0x0000000000000428       0x28 ../Bai7_bsp/\libhal_bsp.a(alt_instruction_exception_entry.o)
 .debug_aranges
                0x0000000000000450       0x20 ../Bai7_bsp/\libhal_bsp.a(alt_io_redirect.o)
 .debug_aranges
                0x0000000000000470       0x20 ../Bai7_bsp/\libhal_bsp.a(alt_open.o)
 .debug_aranges
                0x0000000000000490       0x20 ../Bai7_bsp/\libhal_bsp.a(alt_release_fd.o)
 .debug_aranges
                0x00000000000004b0       0x20 ../Bai7_bsp/\libhal_bsp.a(altera_nios2_gen2_irq.o)
 .debug_aranges
                0x00000000000004d0       0x20 ../Bai7_bsp/\libhal_bsp.a(alt_find_dev.o)
 .debug_aranges
                0x00000000000004f0       0x20 ../Bai7_bsp/\libhal_bsp.a(alt_find_file.o)
 .debug_aranges
                0x0000000000000510       0x20 ../Bai7_bsp/\libhal_bsp.a(alt_get_fd.o)
 .debug_aranges
                0x0000000000000530       0x20 d:/quartus_main/nios2eds/bin/gnu/h-x86_64-mingw32/bin/../lib/gcc/nios2-elf/5.3.0/../../../../../H-x86_64-mingw32/nios2-elf/lib/mno-hw-mul\libsmallc.a(lib_a-atexit.o)
 .debug_aranges
                0x0000000000000550       0x20 d:/quartus_main/nios2eds/bin/gnu/h-x86_64-mingw32/bin/../lib/gcc/nios2-elf/5.3.0/../../../../../H-x86_64-mingw32/nios2-elf/lib/mno-hw-mul\libsmallc.a(lib_a-exit.o)
 .debug_aranges
                0x0000000000000570       0x20 d:/quartus_main/nios2eds/bin/gnu/h-x86_64-mingw32/bin/../lib/gcc/nios2-elf/5.3.0/../../../../../H-x86_64-mingw32/nios2-elf/lib/mno-hw-mul\libsmallc.a(lib_a-memcmp.o)
 .debug_aranges
                0x0000000000000590       0x20 d:/quartus_main/nios2eds/bin/gnu/h-x86_64-mingw32/bin/../lib/gcc/nios2-elf/5.3.0/../../../../../H-x86_64-mingw32/nios2-elf/lib/mno-hw-mul\libsmallc.a(lib_a-__atexit.o)
 .debug_aranges
                0x00000000000005b0       0x20 d:/quartus_main/nios2eds/bin/gnu/h-x86_64-mingw32/bin/../lib/gcc/nios2-elf/5.3.0/../../../../../H-x86_64-mingw32/nios2-elf/lib/mno-hw-mul\libsmallc.a(lib_a-__call_atexit.o)
 .debug_aranges
                0x00000000000005d0       0x20 ../Bai7_bsp/\libhal_bsp.a(alt_exit.o)

.debug_pubnames
 *(.debug_pubnames)

.debug_info     0x0000000000000000     0x770c
 *(.debug_info .gnu.linkonce.wi.*)
 .debug_info    0x0000000000000000       0x53 ../Bai7_bsp//obj/HAL/src/crt0.o
 .debug_info    0x0000000000000053       0xf8 obj/default/source.o
 .debug_info    0x000000000000014b      0x699 d:/quartus_main/nios2eds/bin/gnu/h-x86_64-mingw32/bin/../lib/gcc/nios2-elf/5.3.0/../../../../../H-x86_64-mingw32/nios2-elf/lib/mno-hw-mul\libsmallc.a(lib_a-printf.o)
 .debug_info    0x00000000000007e4      0xb2b d:/quartus_main/nios2eds/bin/gnu/h-x86_64-mingw32/bin/../lib/gcc/nios2-elf/5.3.0/../../../../../H-x86_64-mingw32/nios2-elf/lib/mno-hw-mul\libsmallc.a(lib_a-vfprintf.o)
 .debug_info    0x000000000000130f      0x62b d:/quartus_main/nios2eds/bin/gnu/h-x86_64-mingw32/bin/../lib/gcc/nios2-elf/5.3.0/../../../../../H-x86_64-mingw32/nios2-elf/lib/mno-hw-mul\libsmallc.a(lib_a-fvwrite_small_dev.o)
 .debug_info    0x000000000000193a      0x5a9 d:/quartus_main/nios2eds/bin/gnu/h-x86_64-mingw32/bin/../lib/gcc/nios2-elf/5.3.0/../../../../../H-x86_64-mingw32/nios2-elf/lib/mno-hw-mul\libsmallc.a(lib_a-impure.o)
 .debug_info    0x0000000000001ee3       0xc9 d:/quartus_main/nios2eds/bin/gnu/h-x86_64-mingw32/bin/../lib/gcc/nios2-elf/5.3.0/../../../../../H-x86_64-mingw32/nios2-elf/lib/mno-hw-mul\libsmallc.a(lib_a-strlen.o)
 .debug_info    0x0000000000001fac      0x630 d:/quartus_main/nios2eds/bin/gnu/h-x86_64-mingw32/bin/../lib/gcc/nios2-elf/5.3.0/../../../../../H-x86_64-mingw32/nios2-elf/lib/mno-hw-mul\libsmallc.a(lib_a-writer.o)
 .debug_info    0x00000000000025dc       0x8a d:/quartus_main/nios2eds/bin/gnu/h-x86_64-mingw32/bin/../lib/gcc/nios2-elf/5.3.0/../../../../../H-x86_64-mingw32/nios2-elf/lib/mno-hw-mul\libsmallc.a(lib_a-int_errno.o)
 .debug_info    0x0000000000002666      0x2c6 d:/quartus_main/nios2eds/bin/gnu/h-x86_64-mingw32/bin/../lib/gcc/nios2-elf/5.3.0/mno-hw-mul\libgcc.a(lib2-divmod.o)
 .debug_info    0x000000000000292c       0xb4 d:/quartus_main/nios2eds/bin/gnu/h-x86_64-mingw32/bin/../lib/gcc/nios2-elf/5.3.0/mno-hw-mul\libgcc.a(lib2-mul.o)
 .debug_info    0x00000000000029e0      0x350 ../Bai7_bsp/\libhal_bsp.a(alt_iic.o)
 .debug_info    0x0000000000002d30      0x1ef ../Bai7_bsp/\libhal_bsp.a(alt_iic_isr_register.o)
 .debug_info    0x0000000000002f1f       0x5c ../Bai7_bsp/\libhal_bsp.a(alt_irq_entry.o)
 .debug_info    0x0000000000002f7b      0x187 ../Bai7_bsp/\libhal_bsp.a(alt_irq_handler.o)
 .debug_info    0x0000000000003102       0x88 ../Bai7_bsp/\libhal_bsp.a(alt_irq_vars.o)
 .debug_info    0x000000000000318a      0x145 ../Bai7_bsp/\libhal_bsp.a(alt_load.o)
 .debug_info    0x00000000000032cf      0x131 ../Bai7_bsp/\libhal_bsp.a(alt_main.o)
 .debug_info    0x0000000000003400      0x4b7 ../Bai7_bsp/\libhal_bsp.a(alt_write.o)
 .debug_info    0x00000000000038b7      0x3df ../Bai7_bsp/\libhal_bsp.a(alt_sys_init.o)
 .debug_info    0x0000000000003c96      0x3a7 ../Bai7_bsp/\libhal_bsp.a(altera_avalon_jtag_uart_fd.o)
 .debug_info    0x000000000000403d      0x1b2 ../Bai7_bsp/\libhal_bsp.a(altera_avalon_jtag_uart_read.o)
 .debug_info    0x00000000000041ef      0x195 ../Bai7_bsp/\libhal_bsp.a(altera_avalon_jtag_uart_write.o)
 .debug_info    0x0000000000004384      0x321 ../Bai7_bsp/\libhal_bsp.a(alt_close.o)
 .debug_info    0x00000000000046a5       0x92 ../Bai7_bsp/\libhal_bsp.a(alt_dcache_flush_all.o)
 .debug_info    0x0000000000004737      0x49c ../Bai7_bsp/\libhal_bsp.a(alt_dev.o)
 .debug_info    0x0000000000004bd3      0x1a9 ../Bai7_bsp/\libhal_bsp.a(alt_dev_llist_insert.o)
 .debug_info    0x0000000000004d7c       0x83 ../Bai7_bsp/\libhal_bsp.a(alt_do_ctors.o)
 .debug_info    0x0000000000004dff       0x83 ../Bai7_bsp/\libhal_bsp.a(alt_do_dtors.o)
 .debug_info    0x0000000000004e82       0xa6 ../Bai7_bsp/\libhal_bsp.a(alt_errno.o)
 .debug_info    0x0000000000004f28       0x62 ../Bai7_bsp/\libhal_bsp.a(alt_exception_entry.o)
 .debug_info    0x0000000000004f8a       0x92 ../Bai7_bsp/\libhal_bsp.a(alt_icache_flush_all.o)
 .debug_info    0x000000000000501c      0x1e7 ../Bai7_bsp/\libhal_bsp.a(alt_instruction_exception_entry.o)
 .debug_info    0x0000000000005203      0x4a5 ../Bai7_bsp/\libhal_bsp.a(alt_io_redirect.o)
 .debug_info    0x00000000000056a8      0x3bb ../Bai7_bsp/\libhal_bsp.a(alt_open.o)
 .debug_info    0x0000000000005a63      0x2b0 ../Bai7_bsp/\libhal_bsp.a(alt_release_fd.o)
 .debug_info    0x0000000000005d13       0x92 ../Bai7_bsp/\libhal_bsp.a(altera_nios2_gen2_irq.o)
 .debug_info    0x0000000000005da5      0x2e9 ../Bai7_bsp/\libhal_bsp.a(alt_find_dev.o)
 .debug_info    0x000000000000608e      0x2e6 ../Bai7_bsp/\libhal_bsp.a(alt_find_file.o)
 .debug_info    0x0000000000006374      0x310 ../Bai7_bsp/\libhal_bsp.a(alt_get_fd.o)
 .debug_info    0x0000000000006684       0xfe d:/quartus_main/nios2eds/bin/gnu/h-x86_64-mingw32/bin/../lib/gcc/nios2-elf/5.3.0/../../../../../H-x86_64-mingw32/nios2-elf/lib/mno-hw-mul\libsmallc.a(lib_a-atexit.o)
 .debug_info    0x0000000000006782       0xe5 d:/quartus_main/nios2eds/bin/gnu/h-x86_64-mingw32/bin/../lib/gcc/nios2-elf/5.3.0/../../../../../H-x86_64-mingw32/nios2-elf/lib/mno-hw-mul\libsmallc.a(lib_a-exit.o)
 .debug_info    0x0000000000006867       0xf4 d:/quartus_main/nios2eds/bin/gnu/h-x86_64-mingw32/bin/../lib/gcc/nios2-elf/5.3.0/../../../../../H-x86_64-mingw32/nios2-elf/lib/mno-hw-mul\libsmallc.a(lib_a-memcmp.o)
 .debug_info    0x000000000000695b      0x64a d:/quartus_main/nios2eds/bin/gnu/h-x86_64-mingw32/bin/../lib/gcc/nios2-elf/5.3.0/../../../../../H-x86_64-mingw32/nios2-elf/lib/mno-hw-mul\libsmallc.a(lib_a-__atexit.o)
 .debug_info    0x0000000000006fa5      0x67b d:/quartus_main/nios2eds/bin/gnu/h-x86_64-mingw32/bin/../lib/gcc/nios2-elf/5.3.0/../../../../../H-x86_64-mingw32/nios2-elf/lib/mno-hw-mul\libsmallc.a(lib_a-__call_atexit.o)
 .debug_info    0x0000000000007620       0xec ../Bai7_bsp/\libhal_bsp.a(alt_exit.o)

.debug_abbrev   0x0000000000000000     0x2965
 *(.debug_abbrev)
 .debug_abbrev  0x0000000000000000       0x12 ../Bai7_bsp//obj/HAL/src/crt0.o
 .debug_abbrev  0x0000000000000012       0xb5 obj/default/source.o
 .debug_abbrev  0x00000000000000c7      0x1ee d:/quartus_main/nios2eds/bin/gnu/h-x86_64-mingw32/bin/../lib/gcc/nios2-elf/5.3.0/../../../../../H-x86_64-mingw32/nios2-elf/lib/mno-hw-mul\libsmallc.a(lib_a-printf.o)
 .debug_abbrev  0x00000000000002b5      0x2a1 d:/quartus_main/nios2eds/bin/gnu/h-x86_64-mingw32/bin/../lib/gcc/nios2-elf/5.3.0/../../../../../H-x86_64-mingw32/nios2-elf/lib/mno-hw-mul\libsmallc.a(lib_a-vfprintf.o)
 .debug_abbrev  0x0000000000000556      0x1bc d:/quartus_main/nios2eds/bin/gnu/h-x86_64-mingw32/bin/../lib/gcc/nios2-elf/5.3.0/../../../../../H-x86_64-mingw32/nios2-elf/lib/mno-hw-mul\libsmallc.a(lib_a-fvwrite_small_dev.o)
 .debug_abbrev  0x0000000000000712      0x14a d:/quartus_main/nios2eds/bin/gnu/h-x86_64-mingw32/bin/../lib/gcc/nios2-elf/5.3.0/../../../../../H-x86_64-mingw32/nios2-elf/lib/mno-hw-mul\libsmallc.a(lib_a-impure.o)
 .debug_abbrev  0x000000000000085c       0x7f d:/quartus_main/nios2eds/bin/gnu/h-x86_64-mingw32/bin/../lib/gcc/nios2-elf/5.3.0/../../../../../H-x86_64-mingw32/nios2-elf/lib/mno-hw-mul\libsmallc.a(lib_a-strlen.o)
 .debug_abbrev  0x00000000000008db      0x1a6 d:/quartus_main/nios2eds/bin/gnu/h-x86_64-mingw32/bin/../lib/gcc/nios2-elf/5.3.0/../../../../../H-x86_64-mingw32/nios2-elf/lib/mno-hw-mul\libsmallc.a(lib_a-writer.o)
 .debug_abbrev  0x0000000000000a81       0x37 d:/quartus_main/nios2eds/bin/gnu/h-x86_64-mingw32/bin/../lib/gcc/nios2-elf/5.3.0/../../../../../H-x86_64-mingw32/nios2-elf/lib/mno-hw-mul\libsmallc.a(lib_a-int_errno.o)
 .debug_abbrev  0x0000000000000ab8      0x10e d:/quartus_main/nios2eds/bin/gnu/h-x86_64-mingw32/bin/../lib/gcc/nios2-elf/5.3.0/mno-hw-mul\libgcc.a(lib2-divmod.o)
 .debug_abbrev  0x0000000000000bc6       0x6f d:/quartus_main/nios2eds/bin/gnu/h-x86_64-mingw32/bin/../lib/gcc/nios2-elf/5.3.0/mno-hw-mul\libgcc.a(lib2-mul.o)
 .debug_abbrev  0x0000000000000c35      0x163 ../Bai7_bsp/\libhal_bsp.a(alt_iic.o)
 .debug_abbrev  0x0000000000000d98      0x169 ../Bai7_bsp/\libhal_bsp.a(alt_iic_isr_register.o)
 .debug_abbrev  0x0000000000000f01       0x12 ../Bai7_bsp/\libhal_bsp.a(alt_irq_entry.o)
 .debug_abbrev  0x0000000000000f13      0x122 ../Bai7_bsp/\libhal_bsp.a(alt_irq_handler.o)
 .debug_abbrev  0x0000000000001035       0x40 ../Bai7_bsp/\libhal_bsp.a(alt_irq_vars.o)
 .debug_abbrev  0x0000000000001075       0x9f ../Bai7_bsp/\libhal_bsp.a(alt_load.o)
 .debug_abbrev  0x0000000000001114       0xba ../Bai7_bsp/\libhal_bsp.a(alt_main.o)
 .debug_abbrev  0x00000000000011ce      0x133 ../Bai7_bsp/\libhal_bsp.a(alt_write.o)
 .debug_abbrev  0x0000000000001301      0x157 ../Bai7_bsp/\libhal_bsp.a(alt_sys_init.o)
 .debug_abbrev  0x0000000000001458       0xf7 ../Bai7_bsp/\libhal_bsp.a(altera_avalon_jtag_uart_fd.o)
 .debug_abbrev  0x000000000000154f       0xd5 ../Bai7_bsp/\libhal_bsp.a(altera_avalon_jtag_uart_read.o)
 .debug_abbrev  0x0000000000001624       0xd5 ../Bai7_bsp/\libhal_bsp.a(altera_avalon_jtag_uart_write.o)
 .debug_abbrev  0x00000000000016f9      0x11f ../Bai7_bsp/\libhal_bsp.a(alt_close.o)
 .debug_abbrev  0x0000000000001818       0x42 ../Bai7_bsp/\libhal_bsp.a(alt_dcache_flush_all.o)
 .debug_abbrev  0x000000000000185a       0xd9 ../Bai7_bsp/\libhal_bsp.a(alt_dev.o)
 .debug_abbrev  0x0000000000001933      0x114 ../Bai7_bsp/\libhal_bsp.a(alt_dev_llist_insert.o)
 .debug_abbrev  0x0000000000001a47       0x79 ../Bai7_bsp/\libhal_bsp.a(alt_do_ctors.o)
 .debug_abbrev  0x0000000000001ac0       0x79 ../Bai7_bsp/\libhal_bsp.a(alt_do_dtors.o)
 .debug_abbrev  0x0000000000001b39       0x5a ../Bai7_bsp/\libhal_bsp.a(alt_errno.o)
 .debug_abbrev  0x0000000000001b93       0x12 ../Bai7_bsp/\libhal_bsp.a(alt_exception_entry.o)
 .debug_abbrev  0x0000000000001ba5       0x42 ../Bai7_bsp/\libhal_bsp.a(alt_icache_flush_all.o)
 .debug_abbrev  0x0000000000001be7       0xdc ../Bai7_bsp/\libhal_bsp.a(alt_instruction_exception_entry.o)
 .debug_abbrev  0x0000000000001cc3      0x114 ../Bai7_bsp/\libhal_bsp.a(alt_io_redirect.o)
 .debug_abbrev  0x0000000000001dd7      0x148 ../Bai7_bsp/\libhal_bsp.a(alt_open.o)
 .debug_abbrev  0x0000000000001f1f       0xde ../Bai7_bsp/\libhal_bsp.a(alt_release_fd.o)
 .debug_abbrev  0x0000000000001ffd       0x42 ../Bai7_bsp/\libhal_bsp.a(altera_nios2_gen2_irq.o)
 .debug_abbrev  0x000000000000203f       0xf0 ../Bai7_bsp/\libhal_bsp.a(alt_find_dev.o)
 .debug_abbrev  0x000000000000212f       0xf0 ../Bai7_bsp/\libhal_bsp.a(alt_find_file.o)
 .debug_abbrev  0x000000000000221f      0x10d ../Bai7_bsp/\libhal_bsp.a(alt_get_fd.o)
 .debug_abbrev  0x000000000000232c       0xaa d:/quartus_main/nios2eds/bin/gnu/h-x86_64-mingw32/bin/../lib/gcc/nios2-elf/5.3.0/../../../../../H-x86_64-mingw32/nios2-elf/lib/mno-hw-mul\libsmallc.a(lib_a-atexit.o)
 .debug_abbrev  0x00000000000023d6       0x8b d:/quartus_main/nios2eds/bin/gnu/h-x86_64-mingw32/bin/../lib/gcc/nios2-elf/5.3.0/../../../../../H-x86_64-mingw32/nios2-elf/lib/mno-hw-mul\libsmallc.a(lib_a-exit.o)
 .debug_abbrev  0x0000000000002461       0x7f d:/quartus_main/nios2eds/bin/gnu/h-x86_64-mingw32/bin/../lib/gcc/nios2-elf/5.3.0/../../../../../H-x86_64-mingw32/nios2-elf/lib/mno-hw-mul\libsmallc.a(lib_a-memcmp.o)
 .debug_abbrev  0x00000000000024e0      0x1e6 d:/quartus_main/nios2eds/bin/gnu/h-x86_64-mingw32/bin/../lib/gcc/nios2-elf/5.3.0/../../../../../H-x86_64-mingw32/nios2-elf/lib/mno-hw-mul\libsmallc.a(lib_a-__atexit.o)
 .debug_abbrev  0x00000000000026c6      0x1f6 d:/quartus_main/nios2eds/bin/gnu/h-x86_64-mingw32/bin/../lib/gcc/nios2-elf/5.3.0/../../../../../H-x86_64-mingw32/nios2-elf/lib/mno-hw-mul\libsmallc.a(lib_a-__call_atexit.o)
 .debug_abbrev  0x00000000000028bc       0xa9 ../Bai7_bsp/\libhal_bsp.a(alt_exit.o)

.debug_line     0x0000000000000000     0x2d39
 *(.debug_line)
 .debug_line    0x0000000000000000       0x5c ../Bai7_bsp//obj/HAL/src/crt0.o
 .debug_line    0x000000000000005c       0x76 obj/default/source.o
 .debug_line    0x00000000000000d2      0x203 d:/quartus_main/nios2eds/bin/gnu/h-x86_64-mingw32/bin/../lib/gcc/nios2-elf/5.3.0/../../../../../H-x86_64-mingw32/nios2-elf/lib/mno-hw-mul\libsmallc.a(lib_a-printf.o)
 .debug_line    0x00000000000002d5      0x351 d:/quartus_main/nios2eds/bin/gnu/h-x86_64-mingw32/bin/../lib/gcc/nios2-elf/5.3.0/../../../../../H-x86_64-mingw32/nios2-elf/lib/mno-hw-mul\libsmallc.a(lib_a-vfprintf.o)
 .debug_line    0x0000000000000626      0x1f0 d:/quartus_main/nios2eds/bin/gnu/h-x86_64-mingw32/bin/../lib/gcc/nios2-elf/5.3.0/../../../../../H-x86_64-mingw32/nios2-elf/lib/mno-hw-mul\libsmallc.a(lib_a-fvwrite_small_dev.o)
 .debug_line    0x0000000000000816      0x156 d:/quartus_main/nios2eds/bin/gnu/h-x86_64-mingw32/bin/../lib/gcc/nios2-elf/5.3.0/../../../../../H-x86_64-mingw32/nios2-elf/lib/mno-hw-mul\libsmallc.a(lib_a-impure.o)
 .debug_line    0x000000000000096c      0x15c d:/quartus_main/nios2eds/bin/gnu/h-x86_64-mingw32/bin/../lib/gcc/nios2-elf/5.3.0/../../../../../H-x86_64-mingw32/nios2-elf/lib/mno-hw-mul\libsmallc.a(lib_a-strlen.o)
 .debug_line    0x0000000000000ac8      0x1ed d:/quartus_main/nios2eds/bin/gnu/h-x86_64-mingw32/bin/../lib/gcc/nios2-elf/5.3.0/../../../../../H-x86_64-mingw32/nios2-elf/lib/mno-hw-mul\libsmallc.a(lib_a-writer.o)
 .debug_line    0x0000000000000cb5       0x5f d:/quartus_main/nios2eds/bin/gnu/h-x86_64-mingw32/bin/../lib/gcc/nios2-elf/5.3.0/../../../../../H-x86_64-mingw32/nios2-elf/lib/mno-hw-mul\libsmallc.a(lib_a-int_errno.o)
 .debug_line    0x0000000000000d14      0x105 d:/quartus_main/nios2eds/bin/gnu/h-x86_64-mingw32/bin/../lib/gcc/nios2-elf/5.3.0/mno-hw-mul\libgcc.a(lib2-divmod.o)
 .debug_line    0x0000000000000e19       0x80 d:/quartus_main/nios2eds/bin/gnu/h-x86_64-mingw32/bin/../lib/gcc/nios2-elf/5.3.0/mno-hw-mul\libgcc.a(lib2-mul.o)
 .debug_line    0x0000000000000e99       0xeb ../Bai7_bsp/\libhal_bsp.a(alt_iic.o)
 .debug_line    0x0000000000000f84       0xdb ../Bai7_bsp/\libhal_bsp.a(alt_iic_isr_register.o)
 .debug_line    0x000000000000105f       0x6b ../Bai7_bsp/\libhal_bsp.a(alt_irq_entry.o)
 .debug_line    0x00000000000010ca       0xaa ../Bai7_bsp/\libhal_bsp.a(alt_irq_handler.o)
 .debug_line    0x0000000000001174       0x50 ../Bai7_bsp/\libhal_bsp.a(alt_irq_vars.o)
 .debug_line    0x00000000000011c4       0x8e ../Bai7_bsp/\libhal_bsp.a(alt_load.o)
 .debug_line    0x0000000000001252       0xa4 ../Bai7_bsp/\libhal_bsp.a(alt_main.o)
 .debug_line    0x00000000000012f6      0x1cd ../Bai7_bsp/\libhal_bsp.a(alt_write.o)
 .debug_line    0x00000000000014c3      0x13f ../Bai7_bsp/\libhal_bsp.a(alt_sys_init.o)
 .debug_line    0x0000000000001602      0x112 ../Bai7_bsp/\libhal_bsp.a(altera_avalon_jtag_uart_fd.o)
 .debug_line    0x0000000000001714       0xfd ../Bai7_bsp/\libhal_bsp.a(altera_avalon_jtag_uart_read.o)
 .debug_line    0x0000000000001811       0xf4 ../Bai7_bsp/\libhal_bsp.a(altera_avalon_jtag_uart_write.o)
 .debug_line    0x0000000000001905      0x15e ../Bai7_bsp/\libhal_bsp.a(alt_close.o)
 .debug_line    0x0000000000001a63       0x51 ../Bai7_bsp/\libhal_bsp.a(alt_dcache_flush_all.o)
 .debug_line    0x0000000000001ab4       0xf1 ../Bai7_bsp/\libhal_bsp.a(alt_dev.o)
 .debug_line    0x0000000000001ba5       0xcf ../Bai7_bsp/\libhal_bsp.a(alt_dev_llist_insert.o)
 .debug_line    0x0000000000001c74       0x59 ../Bai7_bsp/\libhal_bsp.a(alt_do_ctors.o)
 .debug_line    0x0000000000001ccd       0x59 ../Bai7_bsp/\libhal_bsp.a(alt_do_dtors.o)
 .debug_line    0x0000000000001d26       0x51 ../Bai7_bsp/\libhal_bsp.a(alt_errno.o)
 .debug_line    0x0000000000001d77       0xb3 ../Bai7_bsp/\libhal_bsp.a(alt_exception_entry.o)
 .debug_line    0x0000000000001e2a       0x4f ../Bai7_bsp/\libhal_bsp.a(alt_icache_flush_all.o)
 .debug_line    0x0000000000001e79       0xb9 ../Bai7_bsp/\libhal_bsp.a(alt_instruction_exception_entry.o)
 .debug_line    0x0000000000001f32      0x12e ../Bai7_bsp/\libhal_bsp.a(alt_io_redirect.o)
 .debug_line    0x0000000000002060      0x12b ../Bai7_bsp/\libhal_bsp.a(alt_open.o)
 .debug_line    0x000000000000218b       0xb0 ../Bai7_bsp/\libhal_bsp.a(alt_release_fd.o)
 .debug_line    0x000000000000223b       0x51 ../Bai7_bsp/\libhal_bsp.a(altera_nios2_gen2_irq.o)
 .debug_line    0x000000000000228c       0xb5 ../Bai7_bsp/\libhal_bsp.a(alt_find_dev.o)
 .debug_line    0x0000000000002341       0xd1 ../Bai7_bsp/\libhal_bsp.a(alt_find_file.o)
 .debug_line    0x0000000000002412       0xd7 ../Bai7_bsp/\libhal_bsp.a(alt_get_fd.o)
 .debug_line    0x00000000000024e9       0xe7 d:/quartus_main/nios2eds/bin/gnu/h-x86_64-mingw32/bin/../lib/gcc/nios2-elf/5.3.0/../../../../../H-x86_64-mingw32/nios2-elf/lib/mno-hw-mul\libsmallc.a(lib_a-atexit.o)
 .debug_line    0x00000000000025d0      0x159 d:/quartus_main/nios2eds/bin/gnu/h-x86_64-mingw32/bin/../lib/gcc/nios2-elf/5.3.0/../../../../../H-x86_64-mingw32/nios2-elf/lib/mno-hw-mul\libsmallc.a(lib_a-exit.o)
 .debug_line    0x0000000000002729      0x160 d:/quartus_main/nios2eds/bin/gnu/h-x86_64-mingw32/bin/../lib/gcc/nios2-elf/5.3.0/../../../../../H-x86_64-mingw32/nios2-elf/lib/mno-hw-mul\libsmallc.a(lib_a-memcmp.o)
 .debug_line    0x0000000000002889      0x20d d:/quartus_main/nios2eds/bin/gnu/h-x86_64-mingw32/bin/../lib/gcc/nios2-elf/5.3.0/../../../../../H-x86_64-mingw32/nios2-elf/lib/mno-hw-mul\libsmallc.a(lib_a-__atexit.o)
 .debug_line    0x0000000000002a96      0x232 d:/quartus_main/nios2eds/bin/gnu/h-x86_64-mingw32/bin/../lib/gcc/nios2-elf/5.3.0/../../../../../H-x86_64-mingw32/nios2-elf/lib/mno-hw-mul\libsmallc.a(lib_a-__call_atexit.o)
 .debug_line    0x0000000000002cc8       0x71 ../Bai7_bsp/\libhal_bsp.a(alt_exit.o)

.debug_frame    0x0000000000000000      0xb1c
 *(.debug_frame)
 .debug_frame   0x0000000000000000       0x78 obj/default/source.o
 .debug_frame   0x0000000000000078       0x48 d:/quartus_main/nios2eds/bin/gnu/h-x86_64-mingw32/bin/../lib/gcc/nios2-elf/5.3.0/../../../../../H-x86_64-mingw32/nios2-elf/lib/mno-hw-mul\libsmallc.a(lib_a-printf.o)
 .debug_frame   0x00000000000000c0       0x8c d:/quartus_main/nios2eds/bin/gnu/h-x86_64-mingw32/bin/../lib/gcc/nios2-elf/5.3.0/../../../../../H-x86_64-mingw32/nios2-elf/lib/mno-hw-mul\libsmallc.a(lib_a-vfprintf.o)
 .debug_frame   0x000000000000014c       0x58 d:/quartus_main/nios2eds/bin/gnu/h-x86_64-mingw32/bin/../lib/gcc/nios2-elf/5.3.0/../../../../../H-x86_64-mingw32/nios2-elf/lib/mno-hw-mul\libsmallc.a(lib_a-fvwrite_small_dev.o)
 .debug_frame   0x00000000000001a4       0x20 d:/quartus_main/nios2eds/bin/gnu/h-x86_64-mingw32/bin/../lib/gcc/nios2-elf/5.3.0/../../../../../H-x86_64-mingw32/nios2-elf/lib/mno-hw-mul\libsmallc.a(lib_a-strlen.o)
 .debug_frame   0x00000000000001c4       0x38 d:/quartus_main/nios2eds/bin/gnu/h-x86_64-mingw32/bin/../lib/gcc/nios2-elf/5.3.0/../../../../../H-x86_64-mingw32/nios2-elf/lib/mno-hw-mul\libsmallc.a(lib_a-writer.o)
 .debug_frame   0x00000000000001fc       0x50 d:/quartus_main/nios2eds/bin/gnu/h-x86_64-mingw32/bin/../lib/gcc/nios2-elf/5.3.0/mno-hw-mul\libgcc.a(lib2-divmod.o)
 .debug_frame   0x000000000000024c       0x20 d:/quartus_main/nios2eds/bin/gnu/h-x86_64-mingw32/bin/../lib/gcc/nios2-elf/5.3.0/mno-hw-mul\libgcc.a(lib2-mul.o)
 .debug_frame   0x000000000000026c       0xa4 ../Bai7_bsp/\libhal_bsp.a(alt_iic.o)
 .debug_frame   0x0000000000000310       0x38 ../Bai7_bsp/\libhal_bsp.a(alt_iic_isr_register.o)
 .debug_frame   0x0000000000000348       0x38 ../Bai7_bsp/\libhal_bsp.a(alt_irq_handler.o)
 .debug_frame   0x0000000000000380       0x5c ../Bai7_bsp/\libhal_bsp.a(alt_load.o)
 .debug_frame   0x00000000000003dc       0x2c ../Bai7_bsp/\libhal_bsp.a(alt_main.o)
 .debug_frame   0x0000000000000408       0x60 ../Bai7_bsp/\libhal_bsp.a(alt_write.o)
 .debug_frame   0x0000000000000468       0x88 ../Bai7_bsp/\libhal_bsp.a(alt_sys_init.o)
 .debug_frame   0x00000000000004f0       0x60 ../Bai7_bsp/\libhal_bsp.a(altera_avalon_jtag_uart_fd.o)
 .debug_frame   0x0000000000000550       0x34 ../Bai7_bsp/\libhal_bsp.a(altera_avalon_jtag_uart_read.o)
 .debug_frame   0x0000000000000584       0x34 ../Bai7_bsp/\libhal_bsp.a(altera_avalon_jtag_uart_write.o)
 .debug_frame   0x00000000000005b8       0x60 ../Bai7_bsp/\libhal_bsp.a(alt_close.o)
 .debug_frame   0x0000000000000618       0x34 ../Bai7_bsp/\libhal_bsp.a(alt_dcache_flush_all.o)
 .debug_frame   0x000000000000064c       0x34 ../Bai7_bsp/\libhal_bsp.a(alt_dev.o)
 .debug_frame   0x0000000000000680       0x60 ../Bai7_bsp/\libhal_bsp.a(alt_dev_llist_insert.o)
 .debug_frame   0x00000000000006e0       0x38 ../Bai7_bsp/\libhal_bsp.a(alt_do_ctors.o)
 .debug_frame   0x0000000000000718       0x38 ../Bai7_bsp/\libhal_bsp.a(alt_do_dtors.o)
 .debug_frame   0x0000000000000750       0x34 ../Bai7_bsp/\libhal_bsp.a(alt_icache_flush_all.o)
 .debug_frame   0x0000000000000784       0x5c ../Bai7_bsp/\libhal_bsp.a(alt_instruction_exception_entry.o)
 .debug_frame   0x00000000000007e0       0x64 ../Bai7_bsp/\libhal_bsp.a(alt_io_redirect.o)
 .debug_frame   0x0000000000000844       0x8c ../Bai7_bsp/\libhal_bsp.a(alt_open.o)
 .debug_frame   0x00000000000008d0       0x3c ../Bai7_bsp/\libhal_bsp.a(alt_release_fd.o)
 .debug_frame   0x000000000000090c       0x34 ../Bai7_bsp/\libhal_bsp.a(altera_nios2_gen2_irq.o)
 .debug_frame   0x0000000000000940       0x38 ../Bai7_bsp/\libhal_bsp.a(alt_find_dev.o)
 .debug_frame   0x0000000000000978       0x38 ../Bai7_bsp/\libhal_bsp.a(alt_find_file.o)
 .debug_frame   0x00000000000009b0       0x3c ../Bai7_bsp/\libhal_bsp.a(alt_get_fd.o)
 .debug_frame   0x00000000000009ec       0x20 d:/quartus_main/nios2eds/bin/gnu/h-x86_64-mingw32/bin/../lib/gcc/nios2-elf/5.3.0/../../../../../H-x86_64-mingw32/nios2-elf/lib/mno-hw-mul\libsmallc.a(lib_a-atexit.o)
 .debug_frame   0x0000000000000a0c       0x28 d:/quartus_main/nios2eds/bin/gnu/h-x86_64-mingw32/bin/../lib/gcc/nios2-elf/5.3.0/../../../../../H-x86_64-mingw32/nios2-elf/lib/mno-hw-mul\libsmallc.a(lib_a-exit.o)
 .debug_frame   0x0000000000000a34       0x20 d:/quartus_main/nios2eds/bin/gnu/h-x86_64-mingw32/bin/../lib/gcc/nios2-elf/5.3.0/../../../../../H-x86_64-mingw32/nios2-elf/lib/mno-hw-mul\libsmallc.a(lib_a-memcmp.o)
 .debug_frame   0x0000000000000a54       0x48 d:/quartus_main/nios2eds/bin/gnu/h-x86_64-mingw32/bin/../lib/gcc/nios2-elf/5.3.0/../../../../../H-x86_64-mingw32/nios2-elf/lib/mno-hw-mul\libsmallc.a(lib_a-__atexit.o)
 .debug_frame   0x0000000000000a9c       0x54 d:/quartus_main/nios2eds/bin/gnu/h-x86_64-mingw32/bin/../lib/gcc/nios2-elf/5.3.0/../../../../../H-x86_64-mingw32/nios2-elf/lib/mno-hw-mul\libsmallc.a(lib_a-__call_atexit.o)
 .debug_frame   0x0000000000000af0       0x2c ../Bai7_bsp/\libhal_bsp.a(alt_exit.o)

.debug_str      0x0000000000000000     0x1c89
 *(.debug_str)
 .debug_str     0x0000000000000000      0x111 obj/default/source.o
                                        0x14f (size before relaxing)
 .debug_str     0x0000000000000111      0x421 d:/quartus_main/nios2eds/bin/gnu/h-x86_64-mingw32/bin/../lib/gcc/nios2-elf/5.3.0/../../../../../H-x86_64-mingw32/nios2-elf/lib/mno-hw-mul\libsmallc.a(lib_a-printf.o)
                                        0x504 (size before relaxing)
 .debug_str     0x0000000000000532      0x1ff d:/quartus_main/nios2eds/bin/gnu/h-x86_64-mingw32/bin/../lib/gcc/nios2-elf/5.3.0/../../../../../H-x86_64-mingw32/nios2-elf/lib/mno-hw-mul\libsmallc.a(lib_a-vfprintf.o)
                                        0x67f (size before relaxing)
 .debug_str     0x0000000000000731       0x78 d:/quartus_main/nios2eds/bin/gnu/h-x86_64-mingw32/bin/../lib/gcc/nios2-elf/5.3.0/../../../../../H-x86_64-mingw32/nios2-elf/lib/mno-hw-mul\libsmallc.a(lib_a-fvwrite_small_dev.o)
                                        0x4d4 (size before relaxing)
 .debug_str     0x00000000000007a9       0xef d:/quartus_main/nios2eds/bin/gnu/h-x86_64-mingw32/bin/../lib/gcc/nios2-elf/5.3.0/../../../../../H-x86_64-mingw32/nios2-elf/lib/mno-hw-mul\libsmallc.a(lib_a-impure.o)
                                        0x4be (size before relaxing)
 .debug_str     0x0000000000000898       0xd2 d:/quartus_main/nios2eds/bin/gnu/h-x86_64-mingw32/bin/../lib/gcc/nios2-elf/5.3.0/../../../../../H-x86_64-mingw32/nios2-elf/lib/mno-hw-mul\libsmallc.a(lib_a-strlen.o)
                                        0x1e5 (size before relaxing)
 .debug_str     0x000000000000096a       0x45 d:/quartus_main/nios2eds/bin/gnu/h-x86_64-mingw32/bin/../lib/gcc/nios2-elf/5.3.0/../../../../../H-x86_64-mingw32/nios2-elf/lib/mno-hw-mul\libsmallc.a(lib_a-writer.o)
                                        0x4b8 (size before relaxing)
 .debug_str     0x00000000000009af       0x3f d:/quartus_main/nios2eds/bin/gnu/h-x86_64-mingw32/bin/../lib/gcc/nios2-elf/5.3.0/../../../../../H-x86_64-mingw32/nios2-elf/lib/mno-hw-mul\libsmallc.a(lib_a-int_errno.o)
                                        0x1d8 (size before relaxing)
 .debug_str     0x00000000000009ee      0x187 d:/quartus_main/nios2eds/bin/gnu/h-x86_64-mingw32/bin/../lib/gcc/nios2-elf/5.3.0/mno-hw-mul\libgcc.a(lib2-divmod.o)
                                        0x1d2 (size before relaxing)
 .debug_str     0x0000000000000b75       0x40 d:/quartus_main/nios2eds/bin/gnu/h-x86_64-mingw32/bin/../lib/gcc/nios2-elf/5.3.0/mno-hw-mul\libgcc.a(lib2-mul.o)
                                        0x193 (size before relaxing)
 .debug_str     0x0000000000000bb5      0x116 ../Bai7_bsp/\libhal_bsp.a(alt_iic.o)
                                        0x223 (size before relaxing)
 .debug_str     0x0000000000000ccb       0x4c ../Bai7_bsp/\libhal_bsp.a(alt_iic_isr_register.o)
                                        0x1cd (size before relaxing)
 .debug_str     0x0000000000000d17       0x3a ../Bai7_bsp/\libhal_bsp.a(alt_irq_handler.o)
                                        0x17c (size before relaxing)
 .debug_str     0x0000000000000d51       0x17 ../Bai7_bsp/\libhal_bsp.a(alt_irq_vars.o)
                                        0x11f (size before relaxing)
 .debug_str     0x0000000000000d68       0xe9 ../Bai7_bsp/\libhal_bsp.a(alt_load.o)
                                        0x1f7 (size before relaxing)
 .debug_str     0x0000000000000e51       0x70 ../Bai7_bsp/\libhal_bsp.a(alt_main.o)
                                        0x182 (size before relaxing)
 .debug_str     0x0000000000000ec1      0x15f ../Bai7_bsp/\libhal_bsp.a(alt_write.o)
                                        0x2dd (size before relaxing)
 .debug_str     0x0000000000001020      0x138 ../Bai7_bsp/\libhal_bsp.a(alt_sys_init.o)
                                        0x2f1 (size before relaxing)
 .debug_str     0x0000000000001158       0x77 ../Bai7_bsp/\libhal_bsp.a(altera_avalon_jtag_uart_fd.o)
                                        0x2ba (size before relaxing)
 .debug_str     0x00000000000011cf       0x48 ../Bai7_bsp/\libhal_bsp.a(altera_avalon_jtag_uart_read.o)
                                        0x204 (size before relaxing)
 .debug_str     0x0000000000001217       0x4a ../Bai7_bsp/\libhal_bsp.a(altera_avalon_jtag_uart_write.o)
                                        0x1fa (size before relaxing)
 .debug_str     0x0000000000001261       0x1b ../Bai7_bsp/\libhal_bsp.a(alt_close.o)
                                        0x1f0 (size before relaxing)
 .debug_str     0x000000000000127c       0x34 ../Bai7_bsp/\libhal_bsp.a(alt_dcache_flush_all.o)
                                        0x13a (size before relaxing)
 .debug_str     0x00000000000012b0       0x50 ../Bai7_bsp/\libhal_bsp.a(alt_dev.o)
                                        0x2ea (size before relaxing)
 .debug_str     0x0000000000001300       0x45 ../Bai7_bsp/\libhal_bsp.a(alt_dev_llist_insert.o)
                                        0x1b1 (size before relaxing)
 .debug_str     0x0000000000001345       0x48 ../Bai7_bsp/\libhal_bsp.a(alt_do_ctors.o)
                                         0xb5 (size before relaxing)
 .debug_str     0x000000000000138d       0x4c ../Bai7_bsp/\libhal_bsp.a(alt_do_dtors.o)
                                         0xb4 (size before relaxing)
 .debug_str     0x00000000000013d9       0x14 ../Bai7_bsp/\libhal_bsp.a(alt_errno.o)
                                        0x12a (size before relaxing)
 .debug_str     0x00000000000013ed       0x34 ../Bai7_bsp/\libhal_bsp.a(alt_icache_flush_all.o)
                                        0x13a (size before relaxing)
 .debug_str     0x0000000000001421      0x48b ../Bai7_bsp/\libhal_bsp.a(alt_instruction_exception_entry.o)
                                        0x585 (size before relaxing)
 .debug_str     0x00000000000018ac       0x56 ../Bai7_bsp/\libhal_bsp.a(alt_io_redirect.o)
                                        0x2fb (size before relaxing)
 .debug_str     0x0000000000001902       0x2f ../Bai7_bsp/\libhal_bsp.a(alt_open.o)
                                        0x230 (size before relaxing)
 .debug_str     0x0000000000001931       0x28 ../Bai7_bsp/\libhal_bsp.a(alt_release_fd.o)
                                        0x1b8 (size before relaxing)
 .debug_str     0x0000000000001959       0x3b ../Bai7_bsp/\libhal_bsp.a(altera_nios2_gen2_irq.o)
                                        0x141 (size before relaxing)
 .debug_str     0x0000000000001994       0x24 ../Bai7_bsp/\libhal_bsp.a(alt_find_dev.o)
                                        0x1d1 (size before relaxing)
 .debug_str     0x00000000000019b8       0x26 ../Bai7_bsp/\libhal_bsp.a(alt_find_file.o)
                                        0x1df (size before relaxing)
 .debug_str     0x00000000000019de       0x30 ../Bai7_bsp/\libhal_bsp.a(alt_get_fd.o)
                                        0x201 (size before relaxing)
 .debug_str     0x0000000000001a0e      0x116 d:/quartus_main/nios2eds/bin/gnu/h-x86_64-mingw32/bin/../lib/gcc/nios2-elf/5.3.0/../../../../../H-x86_64-mingw32/nios2-elf/lib/mno-hw-mul\libsmallc.a(lib_a-atexit.o)
                                        0x21c (size before relaxing)
 .debug_str     0x0000000000001b24       0x4c d:/quartus_main/nios2eds/bin/gnu/h-x86_64-mingw32/bin/../lib/gcc/nios2-elf/5.3.0/../../../../../H-x86_64-mingw32/nios2-elf/lib/mno-hw-mul\libsmallc.a(lib_a-exit.o)
                                        0x1f0 (size before relaxing)
 .debug_str     0x0000000000001b70       0x44 d:/quartus_main/nios2eds/bin/gnu/h-x86_64-mingw32/bin/../lib/gcc/nios2-elf/5.3.0/../../../../../H-x86_64-mingw32/nios2-elf/lib/mno-hw-mul\libsmallc.a(lib_a-memcmp.o)
                                        0x1df (size before relaxing)
 .debug_str     0x0000000000001bb4       0x46 d:/quartus_main/nios2eds/bin/gnu/h-x86_64-mingw32/bin/../lib/gcc/nios2-elf/5.3.0/../../../../../H-x86_64-mingw32/nios2-elf/lib/mno-hw-mul\libsmallc.a(lib_a-__atexit.o)
                                        0x4ff (size before relaxing)
 .debug_str     0x0000000000001bfa       0x65 d:/quartus_main/nios2eds/bin/gnu/h-x86_64-mingw32/bin/../lib/gcc/nios2-elf/5.3.0/../../../../../H-x86_64-mingw32/nios2-elf/lib/mno-hw-mul\libsmallc.a(lib_a-__call_atexit.o)
                                        0x4eb (size before relaxing)
 .debug_str     0x0000000000001c5f       0x2a ../Bai7_bsp/\libhal_bsp.a(alt_exit.o)
                                        0x136 (size before relaxing)

.debug_loc      0x0000000000000000     0x1543
 *(.debug_loc)
 .debug_loc     0x0000000000000000       0xc6 d:/quartus_main/nios2eds/bin/gnu/h-x86_64-mingw32/bin/../lib/gcc/nios2-elf/5.3.0/../../../../../H-x86_64-mingw32/nios2-elf/lib/mno-hw-mul\libsmallc.a(lib_a-printf.o)
 .debug_loc     0x00000000000000c6      0x954 d:/quartus_main/nios2eds/bin/gnu/h-x86_64-mingw32/bin/../lib/gcc/nios2-elf/5.3.0/../../../../../H-x86_64-mingw32/nios2-elf/lib/mno-hw-mul\libsmallc.a(lib_a-vfprintf.o)
 .debug_loc     0x0000000000000a1a      0x110 d:/quartus_main/nios2eds/bin/gnu/h-x86_64-mingw32/bin/../lib/gcc/nios2-elf/5.3.0/../../../../../H-x86_64-mingw32/nios2-elf/lib/mno-hw-mul\libsmallc.a(lib_a-fvwrite_small_dev.o)
 .debug_loc     0x0000000000000b2a       0x1e d:/quartus_main/nios2eds/bin/gnu/h-x86_64-mingw32/bin/../lib/gcc/nios2-elf/5.3.0/../../../../../H-x86_64-mingw32/nios2-elf/lib/mno-hw-mul\libsmallc.a(lib_a-strlen.o)
 .debug_loc     0x0000000000000b48       0xa5 d:/quartus_main/nios2eds/bin/gnu/h-x86_64-mingw32/bin/../lib/gcc/nios2-elf/5.3.0/../../../../../H-x86_64-mingw32/nios2-elf/lib/mno-hw-mul\libsmallc.a(lib_a-writer.o)
 .debug_loc     0x0000000000000bed      0x4ce d:/quartus_main/nios2eds/bin/gnu/h-x86_64-mingw32/bin/../lib/gcc/nios2-elf/5.3.0/mno-hw-mul\libgcc.a(lib2-divmod.o)
 .debug_loc     0x00000000000010bb       0x93 d:/quartus_main/nios2eds/bin/gnu/h-x86_64-mingw32/bin/../lib/gcc/nios2-elf/5.3.0/mno-hw-mul\libgcc.a(lib2-mul.o)
 .debug_loc     0x000000000000114e       0x2c d:/quartus_main/nios2eds/bin/gnu/h-x86_64-mingw32/bin/../lib/gcc/nios2-elf/5.3.0/../../../../../H-x86_64-mingw32/nios2-elf/lib/mno-hw-mul\libsmallc.a(lib_a-atexit.o)
 .debug_loc     0x000000000000117a       0x1e d:/quartus_main/nios2eds/bin/gnu/h-x86_64-mingw32/bin/../lib/gcc/nios2-elf/5.3.0/../../../../../H-x86_64-mingw32/nios2-elf/lib/mno-hw-mul\libsmallc.a(lib_a-exit.o)
 .debug_loc     0x0000000000001198       0x94 d:/quartus_main/nios2eds/bin/gnu/h-x86_64-mingw32/bin/../lib/gcc/nios2-elf/5.3.0/../../../../../H-x86_64-mingw32/nios2-elf/lib/mno-hw-mul\libsmallc.a(lib_a-memcmp.o)
 .debug_loc     0x000000000000122c      0x1c0 d:/quartus_main/nios2eds/bin/gnu/h-x86_64-mingw32/bin/../lib/gcc/nios2-elf/5.3.0/../../../../../H-x86_64-mingw32/nios2-elf/lib/mno-hw-mul\libsmallc.a(lib_a-__atexit.o)
 .debug_loc     0x00000000000013ec      0x157 d:/quartus_main/nios2eds/bin/gnu/h-x86_64-mingw32/bin/../lib/gcc/nios2-elf/5.3.0/../../../../../H-x86_64-mingw32/nios2-elf/lib/mno-hw-mul\libsmallc.a(lib_a-__call_atexit.o)

.debug_macinfo
 *(.debug_macinfo)

.debug_weaknames
 *(.debug_weaknames)

.debug_funcnames
 *(.debug_funcnames)

.debug_typenames
 *(.debug_typenames)

.debug_varnames
 *(.debug_varnames)

.debug_alt_sim_info
 *(.debug_alt_sim_info)
                0x0000000000040000                __alt_data_end = 0x40000
                0x0000000000040000                PROVIDE (__alt_stack_pointer, __alt_data_end)
                [!provide]                        PROVIDE (__alt_stack_limit, __alt_stack_base)
                [!provide]                        PROVIDE (__alt_heap_start, end)
                [!provide]                        PROVIDE (__alt_heap_limit, 0x40000)
OUTPUT(RUN_ON_HDL_SIMULATOR_ONLY_Bai7.elf elf32-littlenios2)

.debug_ranges   0x0000000000000000      0x2a8
 .debug_ranges  0x0000000000000000       0x20 ../Bai7_bsp//obj/HAL/src/crt0.o
 .debug_ranges  0x0000000000000020       0x18 d:/quartus_main/nios2eds/bin/gnu/h-x86_64-mingw32/bin/../lib/gcc/nios2-elf/5.3.0/../../../../../H-x86_64-mingw32/nios2-elf/lib/mno-hw-mul\libsmallc.a(lib_a-printf.o)
 .debug_ranges  0x0000000000000038       0xc8 d:/quartus_main/nios2eds/bin/gnu/h-x86_64-mingw32/bin/../lib/gcc/nios2-elf/5.3.0/../../../../../H-x86_64-mingw32/nios2-elf/lib/mno-hw-mul\libsmallc.a(lib_a-vfprintf.o)
 .debug_ranges  0x0000000000000100       0x28 d:/quartus_main/nios2eds/bin/gnu/h-x86_64-mingw32/bin/../lib/gcc/nios2-elf/5.3.0/../../../../../H-x86_64-mingw32/nios2-elf/lib/mno-hw-mul\libsmallc.a(lib_a-fvwrite_small_dev.o)
 .debug_ranges  0x0000000000000128       0x10 d:/quartus_main/nios2eds/bin/gnu/h-x86_64-mingw32/bin/../lib/gcc/nios2-elf/5.3.0/../../../../../H-x86_64-mingw32/nios2-elf/lib/mno-hw-mul\libsmallc.a(lib_a-strlen.o)
 .debug_ranges  0x0000000000000138       0x10 d:/quartus_main/nios2eds/bin/gnu/h-x86_64-mingw32/bin/../lib/gcc/nios2-elf/5.3.0/../../../../../H-x86_64-mingw32/nios2-elf/lib/mno-hw-mul\libsmallc.a(lib_a-writer.o)
 .debug_ranges  0x0000000000000148       0x60 d:/quartus_main/nios2eds/bin/gnu/h-x86_64-mingw32/bin/../lib/gcc/nios2-elf/5.3.0/mno-hw-mul\libgcc.a(lib2-divmod.o)
 .debug_ranges  0x00000000000001a8       0x28 ../Bai7_bsp/\libhal_bsp.a(alt_irq_entry.o)
 .debug_ranges  0x00000000000001d0       0x10 ../Bai7_bsp/\libhal_bsp.a(alt_irq_handler.o)
 .debug_ranges  0x00000000000001e0       0x18 ../Bai7_bsp/\libhal_bsp.a(altera_avalon_jtag_uart_read.o)
 .debug_ranges  0x00000000000001f8       0x30 ../Bai7_bsp/\libhal_bsp.a(alt_exception_entry.o)
 .debug_ranges  0x0000000000000228       0x18 ../Bai7_bsp/\libhal_bsp.a(alt_instruction_exception_entry.o)
 .debug_ranges  0x0000000000000240       0x10 d:/quartus_main/nios2eds/bin/gnu/h-x86_64-mingw32/bin/../lib/gcc/nios2-elf/5.3.0/../../../../../H-x86_64-mingw32/nios2-elf/lib/mno-hw-mul\libsmallc.a(lib_a-atexit.o)
 .debug_ranges  0x0000000000000250       0x10 d:/quartus_main/nios2eds/bin/gnu/h-x86_64-mingw32/bin/../lib/gcc/nios2-elf/5.3.0/../../../../../H-x86_64-mingw32/nios2-elf/lib/mno-hw-mul\libsmallc.a(lib_a-exit.o)
 .debug_ranges  0x0000000000000260       0x10 d:/quartus_main/nios2eds/bin/gnu/h-x86_64-mingw32/bin/../lib/gcc/nios2-elf/5.3.0/../../../../../H-x86_64-mingw32/nios2-elf/lib/mno-hw-mul\libsmallc.a(lib_a-memcmp.o)
 .debug_ranges  0x0000000000000270       0x10 d:/quartus_main/nios2eds/bin/gnu/h-x86_64-mingw32/bin/../lib/gcc/nios2-elf/5.3.0/../../../../../H-x86_64-mingw32/nios2-elf/lib/mno-hw-mul\libsmallc.a(lib_a-__atexit.o)
 .debug_ranges  0x0000000000000280       0x28 d:/quartus_main/nios2eds/bin/gnu/h-x86_64-mingw32/bin/../lib/gcc/nios2-elf/5.3.0/../../../../../H-x86_64-mingw32/nios2-elf/lib/mno-hw-mul\libsmallc.a(lib_a-__call_atexit.o)
